[0m
[0m
[0m
[0m
[0m
[0m
[0m
[0m
[0m
[0m
[0m
[0m
[0m
[0m
[0m
[0m
[0m
[0m
[0m
[0m
[0m
[0m
[0m
[0m
[0m
[0m
[0m
[0m
[0m
[0m
[0m
[0m
[0m
[0m
[0m
[0m
[0m
[0m
[0m
[0m
[0m
[0m
[0m
[0m
[0m
[0m
[0m
[0m
[0m
[0m
[0m
[0m
[0m
[0m
[0m
[0m
[0m
[0m
[0m
[0m
[0m
[0m
[0m
[0m
[0m
[0m
[0m
[0m
[0m
[0m
[0m
[0m
[0m
[0m
[0m
[0m
[0m
[0m
[0m
[0m
[0m
[0m
[0m
[0m
[0m
[0m
[0m
[0m
[0m
[0m
[0m
[0m
[0m
[0m
[0m
[0m
[0m
[0m
[0m
[0m
[0m
[0m
[0m
[0m
[0m
[0m
[0m
[0m
[0m
[0m
[0m
[0m
[0m
[0m
[0m
[0m
[0m
[0m
[0m
[0m
[0m
[0m
[0m
[0m
[0m
[0m
[0m
[0m
[0m
[0m
[0m
[0m
[0m
[0m
[0m
[0m
[0m
[0m
[0m
[0m
[0m
[0m
[0m
[0m
[0m
[0m
[0m
[0m
[0m
[0m
[0m
[0m
[0m
[0m
[0m
[0m
[0m
[0m
[0m
[0m
[0m
[0m
[0m
[0m
[0m
[0m
[0m
[0m
[0m
[0m
[0m
[0m
[0m
[0m
[0m
[0m
[0m
[0m
[0m
[0m
[0m
[0m
[0m
[0m
[0m
[0m
[0m
[0m
[0m
[0m
[0m
[0m
[0m
[0m
[0m
[0m
[0m
[0m
[0m
[0m
[0m
[0m
[0m
[0m
[0m
[0m
[0m
[0m
[0m
[0m
[0m
[0m
[0m
[0m
[0m
[0m
[0m
[0m
[0m
[0m
[0m
[0m
[0m
[0m
[0m
[0m
[0m
[0m
[0m
[0m
[0m
[0m
[0m
[0m
[0m
[0m
[0m
[0m
[0m
[0m
[0m
[0m
[0m
[0m
[0m
[0m
[0m
[0m
[0m
[0m
[0m
[0m
[0m
[0m
[0m
[0m
[0m
[0m
[0m
[0m
[0m
[0m
[0m
[0m
[0m
[0m
[0m
[0m
[0m
[0m
[0m
[0m
[0m
[0m
[0m
[0m
[0m
[0m
[0m
[0m
[0m
[0m
[0m
[0m
[0m
[0m
[0m
[0m
[0m
[0m
[0m
[0m
[0m
[0m
[0m
[0m
[0m
[0m
[0m
[0m
[0m
[0m
[0m
[0m
[0m
[0m
[0m
[0m
[0m
[0m
[0m
[0m
[0m
[0m
[0m
[0m
[0m
[0m
[0m
[0m
[0m
[0m
[0m
[0m
[0m
[0m
[0m
[0m
[0m
[0m
[0m
[0m
[0m
[0m
[0m
[0m
[0m
[0m
[0m
[0m
[0m
[0m
[0m
[0m
[0m
[0m
[0m
[0m
[0m
[0m
[0m
[0m
[0m
[0m
[0m
[0m
[0m
[0m
[0m
[0m
[0m
[0m
[0m
[0m
[0m
[0m
[0m
[0m
[0m
[0m
[0m
[0m
[0m
[0m
[0m
[0m
[0m
[0m
[0m
[0m
[0m
[0m
[0m
[0m
[0m
[0m
[0m
[0m
[0m
[0m
[0m
[0m
[0m
[0m
[0m
[0m
[0m
[0m
[0m
[0m
[0m
[0m
[0m
[0m
[0m
[0m
[0m
[0m
[0m
[0m
[0m
[0m
[0m
[0m
ets Jul 29 2019 12:21:46

rst:ets Jul 29 2019 12:21:46

rst:ets Jul 29 2019 12:21:46

rst:ets Jul 29 2019 12:21:46

rst:ets Jul 29 2019 12:21:46

rst:ets Jul 29 2019 12:21:46

rst:ets Jul 29 2019 12:21:46

rst:ets Jul 29 2019 12:21:46

rst:ets Jul 29 2019 12:21:46

rst:ets Jul 29 2019 12:21:46

rst:ets Jul 29 2019 12:21:46

rst:ets Jul 29 2019 12:21:46

rst:ets Jul 29 2019 12:21:46

rst:ets Jul 29 2019 12:21:46

rst:ets Jul 29 2019 12:21:46

rst:ets Jul 29 2019 12:21:46

rst:ets Jul 29 2019 12:21:46

rst:ets Jul 29 2019 12:21:46

rst:ets Jul 29 2019 12:21:46

rst:ets Jul 29 2019 12:21:46

rst:ets Jul 29 2019 12:21:46

rst:ets Jul 29 2019 12:21:46

rst:ets Jul 29 2019 12:21:46

rst:ets Jul 29 2019 12:21:46

rst:ets Jul 29 2019 12:21:46

rst:ets Jul 29 2019 12:21:46

rst:ets Jul 29 2019 12:21:46

rst:ets Jul 29 2019 12:21:46

rst:ets Jul 29 2019 12:21:46

rst:ets Jul 29 2019 12:21:46

rst:ets Jul 29 2019 12:21:46

rst:ets Jul 29 2019 12:21:46

rst:ets Jul 29 2019 12:21:46

rst:ets Jul 29 2019 12:21:46

rst:ets Jul 29 2019 12:21:46

rst:ets Jul 29 2019 12:21:46

rst:ets Jul 29 2019 12:21:46

rst:ets Jul 29 2019 12:21:46

rst:ets Jul 29 2019 12:21:46

rst:ets Jul 29 2019 12:21:46

rst:ets Jul 29 2019 12:21:46

rst:ets Jul 29 2019 12:21:46

rst:ets Jul 29 2019 12:21:46

rst:ets Jul 29 2019 12:21:46

rst:ets Jul 29 2019 12:21:46

rst:ets Jul 29 2019 12:21:46

rst:ets Jul 29 2019 12:21:46

rst:ets Jul 29 2019 12:21:46

rst:ets Jul 29 2019 12:21:46

rst:ets Jul 29 2019 12:21:46

rst:ets Jul 29 2019 12:21:46

rst:ets Jul 29 2019 12:21:46

rst:ets Jul 29 2019 12:21:46

rst:ets Jul 29 2019 12:21:46

rst:ets Jul 29 2019 12:21:46

rst:ets Jul 29 2019 12:21:46

rst:ets Jul 29 2019 12:21:46

rst:ets Jul 29 2019 12:21:46

rst:ets Jul 29 2019 12:21:46

rst:ets Jul 29 2019 12:21:46

rst:ets Jul 29 2019 12:21:46

rst:ets Jul 29 2019 12:21:46

rst:ets Jul 29 2019 12:21:46

rst:ets Jul 29 2019 12:21:46

rst:ets Jul 29 2019 12:21:46

rst:ets Jul 29 2019 12:21:46

rst:ets Jul 29 2019 12:21:46

rst:ets Jul 29 2019 12:21:46

rst:ets Jul 29 2019 12:21:46

rst:ets Jul 29 2019 12:21:46

rst:ets Jul 29 2019 12:21:46

rst:ets Jul 29 2019 12:21:46

rst:ets Jul 29 2019 12:21:46

rst:ets Jul 29 2019 12:21:46

rst:ets Jul 29 2019 12:21:46

rst:0x1 (POWERON_RESET),boot:0x13 (SPI_FAST_FLASH_BOOT)
configsip: 0, SPIWP:0xee
clk_drv:0x00,q_drv:0x00,d_drv:0x00,cs0_drv:0x00,hd_drv:0x00,wp_drv:0x00
mode:DIO, clock div:2
load:0x3fff0030,len:7176
load:0x40078000,len:15564
ho 0 tail 12 room 4
load:0x40080400,len:4
load:0x40080404,len:3904
entry 0x40080640
[0;32mI (31) boot: ESP-IDF v5.3.1-dirty 2nd stage bootloader[0m
[0;32mI (31) boot: compile time Nov 16 2024 15:09:17[0m
[0;32mI (31) boot: Multicore bootloader[0m
[0;32mI (36) boot: chip revision: v3.1[0m
[0;32mI (40) boot.esp32: SPI Speed      : 40MHz[0m
[0;32mI (44) boot.esp32: SPI Mode       : DIO[0m
[0;32mI (49) boot.esp32: SPI Flash Size : 2MB[0m
[0;32mI (53) boot: Enabling RNG early entropy source...[0m
[0;32mI (59) boot: Partition Table:[0m
[0;32mI (62) boot: ## Label            Usage          Type ST Offset   Length[0m
[0;32mI (70) boot:  0 nvs              WiFi data        01 02 00009000 00006000[0m
[0;32mI (77) boot:  1 phy_init         RF data          01 01 0000f000 00001000[0m
[0;32mI (85) boot:  2 factory          factory app      00 00 00010000 00100000[0m
[0;32mI (92) boot: End of partition table[0m
[0;32mI (96) esp_image: segment 0: paddr=00010020 vaddr=3f400020 size=25834h (153652) map[0m
[0;32mI (157) esp_image: segment 1: paddr=0003585c vaddr=3ffbdb60 size=04acch ( 19148) load[0m
[0;32mI (165) esp_image: segment 2: paddr=0003a330 vaddr=40080000 size=05ce8h ( 23784) load[0m
[0;32mI (174) esp_image: segment 3: paddr=00040020 vaddr=400d0020 size=8c830h (575536) map[0m
[0;32mI (372) esp_image: segment 4: paddr=000cc858 vaddr=40085ce8 size=11950h ( 72016) load[0m
[0;32mI (412) boot: Loaded app from partition at offset 0x10000[0m
[0;32mI (412) boot: Disabling RNG early entropy source...[0m
[0;32mI (424) cpu_start: Multicore app[0m
[0;32mI (433) cpu_start: Pro cpu start user code[0m
[0;32mI (433) cpu_start: cpu freq: 160000000 Hz[0m
[0;32mI (433) app_init: Application information:[0m
[0;32mI (436) app_init: Project name:     PlantCare_Module[0m
[0;32mI (441) app_init: App version:      ed5855e-dirty[0m
[0;32mI (447) app_init: Compile time:     Nov 17 2024 18:08:00[0m
[0;32mI (453) app_init: ELF file SHA256:  659f61ffa...[0m
[0;32mI (458) app_init: ESP-IDF:          v5.3.1-dirty[0m
[0;32mI (463) efuse_init: Min chip rev:     v0.0[0m
[0;32mI (468) efuse_init: Max chip rev:     v3.99 [0m
[0;32mI (473) efuse_init: Chip rev:         v3.1[0m
[0;32mI (478) heap_init: Initializing. RAM available for dynamic allocation:[0m
[0;32mI (485) heap_init: At 3FFAFF10 len 000000F0 (0 KiB): DRAM[0m
[0;32mI (491) heap_init: At 3FFB6388 len 00001C78 (7 KiB): DRAM[0m
[0;32mI (497) heap_init: At 3FFB9A20 len 00004108 (16 KiB): DRAM[0m
[0;32mI (503) heap_init: At 3FFC8188 len 00017E78 (95 KiB): DRAM[0m
[0;32mI (509) heap_init: At 3FFE0440 len 00003AE0 (14 KiB): D/IRAM[0m
[0;32mI (516) heap_init: At 3FFE4350 len 0001BCB0 (111 KiB): D/IRAM[0m
[0;32mI (522) heap_init: At 40097638 len 000089C8 (34 KiB): IRAM[0m
[0;32mI (530) spi_flash: detected chip: generic[0m
[0;32mI (533) spi_flash: flash io: dio[0m
[0;33mW (537) spi_flash: Detected size(4096k) larger than the size in the binary image header(2048k). Using the size in the binary image header.[0m
[0;32mI (551) coexist: coex firmware version: 4482466[0m
[0;32mI (556) main_task: Started on CPU0[0m
[0;32mI (566) main_task: Calling app_main()[0m
[0;32mI (576) BTDM_INIT: BT controller compile version [b022216][0m
[0;32mI (576) BTDM_INIT: Bluetooth MAC: f0:24:f9:44:30:aa[0m
[0;32mI (576) phy_init: phy_version 4830,54550f7,Jun 20 2024,14:22:08[0m
status=2
Guru Meditation Error: Core  0 panic'ed (StoreProhibited). Exception was unhandled.

Core  0 register dump:
PC      : 0x4000c46c  PS      : 0x00060330  A0      : 0x80082d30  A1      : 0x3ffbbbb0  
A2      : 0x00000000  A3      : 0x00000000  A4      : 0x000000f0  A5      : 0x00000000  
A6      : 0x3f41a1e8  A7      : 0x0000000f  A8      : 0x3ffc5860  A9      : 0x3ffbbb50  
A10     : 0x00000001  A11     : 0x40106424  A12     : 0x3ffd1500  A13     : 0x3ffcbb1c  
A14     : 0xffffffff  A15     : 0x3ffcbb00  SAR     : 0x00000014  EXCCAUSE: 0x0000001d  
EXCVADDR: 0x00000000  LBEG    : 0x4000c46c  LEND    : 0x4000c477  LCOUNT  : 0x0000000e  


Backtrace: 0x4000c469:0x3ffbbbb0 0x40082d2d:0x3ffbbbc0 0x400d8368:0x3ffbbbe0 0x400d83af:0x3ffbbc00 0x400d821a:0x3ffbbc30 0x4015a873:0x3ffbbc50 0x400900ad:0x3ffbbc80




ELF file SHA256: 659f61ffa

Rebooting...
ets Jul 29 2019 12:21:46

rst:0xc (SW_CPU_RESET),boot:0x13 (SPI_FAST_FLASH_BOOT)
configsip: 0, SPIWP:0xee
clk_drv:0x00,q_drv:0x00,d_drv:0x00,cs0_drv:0x00,hd_drv:0x00,wp_drv:0x00
mode:DIO, clock div:2
load:0x3fff0030,len:7176
load:0x40078000,len:15564
ho 0 tail 12 room 4
load:0x40080400,len:4
load:0x40080404,len:3904
entry 0x40080640
[0;32mI (31) boot: ESP-IDF v5.3.1-dirty 2nd stage bootloader[0m
[0;32mI (31) boot: compile time Nov 16 2024 15:09:17[0m
[0;32mI (31) boot: Multicore bootloader[0m
[0;32mI (36) boot: chip revision: v3.1[0m
[0;32mI (40) boot.esp32: SPI Speed      : 40MHz[0m
[0;32mI (44) boot.esp32: SPI Mode       : DIO[0m
[0;32mI (49) boot.esp32: SPI Flash Size : 2MB[0m
[0;32mI (53) boot: Enabling RNG early entropy source...[0m
[0;32mI (59) boot: Partition Table:[0m
[0;32mI (62) boot: ## Label            Usage          Type ST Offset   Length[0m
[0;32mI (70) boot:  0 nvs              WiFi data        01 02 00009000 00006000[0m
[0;32mI (77) boot:  1 phy_init         RF data          01 01 0000f000 00001000[0m
[0;32mI (85) boot:  2 factory          factory app      00 00 00010000 00100000[0m
[0;32mI (92) boot: End of partition table[0m
[0;32mI (96) esp_image: segment 0: paddr=00010020 vaddr=3f400020 size=25834h (153652) map[0m
[0;32mI (157) esp_image: segment 1: paddr=0003585c vaddr=3ffbdb60 size=04acch ( 19148) load[0m
[0;32mI (165) esp_image: segment 2: paddr=0003a330 vaddr=40080000 size=05ce8h ( 23784) load[0m
[0;32mI (174) esp_image: segment 3: paddr=00040020 vaddr=400d0020 size=8c830h (575536) map[0m
[0;32mI (372) esp_image: segment 4: paddr=000cc858 vaddr=40085ce8 size=11950h ( 72016) load[0m
[0;32mI (412) boot: Loaded app from partition at offset 0x10000[0m
[0;32mI (412) boot: Disabling RNG early entropy source...[0m
[0;32mI (424) cpu_start: Multicore app[0m
[0;32mI (433) cpu_start: Pro cpu start user code[0m
[0;32mI (433) cpu_start: cpu freq: 160000000 Hz[0m
[0;32mI (433) app_init: Application information:[0m
[0;32mI (436) app_init: Project name:     PlantCare_Module[0m
[0;32mI (441) app_init: App version:      ed5855e-dirty[0m
[0;32mI (447) app_init: Compile time:     Nov 17 2024 18:08:00[0m
[0;32mI (453) app_init: ELF file SHA256:  659f61ffa...[0m
[0;32mI (458) app_init: ESP-IDF:          v5.3.1-dirty[0m
[0;32mI (463) efuse_init: Min chip rev:     v0.0[0m
[0;32mI (468) efuse_init: Max chip rev:     v3.99 [0m
[0;32mI (473) efuse_init: Chip rev:         v3.1[0m
[0;32mI (478) heap_init: Initializing. RAM available for dynamic allocation:[0m
[0;32mI (485) heap_init: At 3FFAFF10 len 000000F0 (0 KiB): DRAM[0m
[0;32mI (491) heap_init: At 3FFB6388 len 00001C78 (7 KiB): DRAM[0m
[0;32mI (497) heap_init: At 3FFB9A20 len 00004108 (16 KiB): DRAM[0m
[0;32mI (503) heap_init: At 3FFC8188 len 00017E78 (95 KiB): DRAM[0m
[0;32mI (509) heap_init: At 3FFE0440 len 00003AE0 (14 KiB): D/IRAM[0m
[0;32mI (516) heap_init: At 3FFE4350 len 0001BCB0 (111 KiB): D/IRAM[0m
[0;32mI (522) heap_init: At 40097638 len 000089C8 (34 KiB): IRAM[0m
[0;32mI (530) spi_flash: detected chip: generic[0m
[0;32mI (533) spi_flash: flash io: dio[0m
[0;33mW (537) spi_flash: Detected size(4096k) larger than the size in the binary image header(2048k). Using the size in the binary image header.[0m
[0;32mI (551) coexist: coex firmware version: 4482466[0m
[0;32mI (556) main_task: Started on CPU0[0m
[0;32mI (566) main_task: Calling app_main()[0m
[0;32mI (576) BTDM_INIT: BT controller compile version [b022216][0m
[0;32mI (576) BTDM_INIT: Bluetooth MAC: f0:24:f9:44:30:aa[0m
[0;32mI (576) phy_init: phy_version 4830,54550f7,Jun 20 2024,14:22:08[0m
status=2
Guru Meditation Error: Core  0 panic'ed (StoreProhibited). Exception was unhandled.

Core  0 register dump:
PC      : 0x4000c46c  PS      : 0x00060330  A0      : 0x80082d30  A1      : 0x3ffbbbb0  
A2      : 0x00000000  A3      : 0x00000000  A4      : 0x000000f0  A5      : 0x00000000  
A6      : 0x3f41a1e8  A7      : 0x0000000f  A8      : 0x3ffc5860  A9      : 0x3ffbbb50  
A10     : 0x00000001  A11     : 0x40106424  A12     : 0x3ffd1500  A13     : 0x3ffcbb1c  
A14     : 0xffffffff  A15     : 0x3ffcbb00  SAR     : 0x00000014  EXCCAUSE: 0x0000001d  
EXCVADDR: 0x00000000  LBEG    : 0x4000c46c  LEND    : 0x4000c477  LCOUNT  : 0x0000000e  


Backtrace: 0x4000c469:0x3ffbbbb0 0x40082d2d:0x3ffbbbc0 0x400d8368:0x3ffbbbe0 0x400d83af:0x3ffbbc00 0x400d821a:0x3ffbbc30 0x4015a873:0x3ffbbc50 0x400900ad:0x3ffbbc80




ELF file SHA256: 659f61ffa

Rebooting...
ets Jul 29 2019 12:21:46

rst:0xc (SW_CPU_RESET),boot:0x13 (SPI_FAST_FLASH_BOOT)
configsip: 0, SPIWP:0xee
clk_drv:0x00,q_drv:0x00,d_drv:0x00,cs0_drv:0x00,hd_drv:0x00,wp_drv:0x00
mode:DIO, clock div:2
load:0x3fff0030,len:7176
load:0x40078000,len:15564
ho 0 tail 12 room 4
load:0x40080400,len:4
load:0x40080404,len:3904
entry 0x40080640
[0;32mI (31) boot: ESP-IDF v5.3.1-dirty 2nd stage bootloader[0m
[0;32mI (31) boot: compile time Nov 16 2024 15:09:17[0m
[0;32mI (31) boot: Multicore bootloader[0m
[0;32mI (36) boot: chip revision: v3.1[0m
[0;32mI (40) boot.esp32: SPI Speed      : 40MHz[0m
[0;32mI (44) boot.esp32: SPI Mode       : DIO[0m
[0;32mI (49) boot.esp32: SPI Flash Size : 2MB[0m
[0;32mI (53) boot: Enabling RNG early entropy source...[0m
[0;32mI (59) boot: Partition Table:[0m
[0;32mI (62) boot: ## Label            Usage          Type ST Offset   Length[0m
[0;32mI (70) boot:  0 nvs              WiFi data        01 02 00009000 00006000[0m
[0;32mI (77) boot:  1 phy_init         RF data          01 01 0000f000 00001000[0m
[0;32mI (85) boot:  2 factory          factory app      00 00 00010000 00100000[0m
[0;32mI (92) boot: End of partition table[0m
[0;32mI (96) esp_image: segment 0: paddr=00010020 vaddr=3f400020 size=25834h (153652) map[0m
[0;32mI (157) esp_image: segment 1: paddr=0003585c vaddr=3ffbdb60 size=04acch ( 19148) load[0m
[0;32mI (165) esp_image: segment 2: paddr=0003a330 vaddr=40080000 size=05ce8h ( 23784) load[0m
[0;32mI (174) esp_image: segment 3: paddr=00040020 vaddr=400d0020 size=8c830h (575536) map[0m
[0;32mI (372) esp_image: segment 4: paddr=000cc858 vaddr=40085ce8 size=11950h ( 72016) load[0m
[0;32mI (412) boot: Loaded app from partition at offset 0x10000[0m
[0;32mI (412) boot: Disabling RNG early entropy source...[0m
[0;32mI (424) cpu_start: Multicore app[0m
[0;32mI (433) cpu_start: Pro cpu start user code[0m
[0;32mI (433) cpu_start: cpu freq: 160000000 Hz[0m
[0;32mI (433) app_init: Application information:[0m
[0;32mI (436) app_init: Project name:     PlantCare_Module[0m
[0;32mI (441) app_init: App version:      ed5855e-dirty[0m
[0;32mI (447) app_init: Compile time:     Nov 17 2024 18:08:00[0m
[0;32mI (453) app_init: ELF file SHA256:  659f61ffa...[0m
[0;32mI (458) app_init: ESP-IDF:          v5.3.1-dirty[0m
[0;32mI (463) efuse_init: Min chip rev:     v0.0[0m
[0;32mI (468) efuse_init: Max chip rev:     v3.99 [0m
[0;32mI (473) efuse_init: Chip rev:         v3.1[0m
[0;32mI (478) heap_init: Initializing. RAM available for dynamic allocation:[0m
[0;32mI (485) heap_init: At 3FFAFF10 len 000000F0 (0 KiB): DRAM[0m
[0;32mI (491) heap_init: At 3FFB6388 len 00001C78 (7 KiB): DRAM[0m
[0;32mI (497) heap_init: At 3FFB9A20 len 00004108 (16 KiB): DRAM[0m
[0;32mI (503) heap_init: At 3FFC8188 len 00017E78 (95 KiB): DRAM[0m
[0;32mI (509) heap_init: At 3FFE0440 len 00003AE0 (14 KiB): D/IRAM[0m
[0;32mI (516) heap_init: At 3FFE4350 len 0001BCB0 (111 KiB): D/IRAM[0m
[0;32mI (522) heap_init: At 40097638 len 000089C8 (34 KiB): IRAM[0m
[0;32mI (530) spi_flash: detected chip: generic[0m
[0;32mI (533) spi_flash: flash io: dio[0m
[0;33mW (537) spi_flash: Detected size(4096k) larger than the size in the binary image header(2048k). Using the size in the binary image header.[0m
[0;32mI (551) coexist: coex firmware version: 4482466[0m
[0;32mI (556) main_task: Started on CPU0[0m
[0;32mI (566) main_task: Calling app_main()[0m
[0;32mI (576) BTDM_INIT: BT controller compile version [b022216][0m
[0;32mI (576) BTDM_INIT: Bluetooth MAC: f0:24:f9:44:30:aa[0m
[0;32mI (576) phy_init: phy_version 4830,54550f7,Jun 20 2024,14:22:08[0m
[0;33mW (666) phy_init: saving new calibration data because of checksum failure, mode(0)[0m
status=2
Guru Meditation Error: Core  0 panic'ed (StoreProhibited). Exception was unhandled.

Core  0 register dump:
PC      : 0x4000c46c  PS      : 0x00060330  A0      : 0x80082d30  A1      : 0x3ffbbbb0  
A2      : 0x00000000  A3      : 0x00000000  A4      : 0x000000f0  A5      : 0x00000000  
A6      : 0x3f41a1e8  A7      : 0x0000000f  A8      : 0x3ffc5860  A9      : 0x3ffbbb50  
A10     : 0x00000001  A11     : 0x40106424  A12     : 0x3ffd1590  A13     : 0x3ffcbb1c  
A14     : 0xffffffff  A15     : 0x3ffcbb00  SAR     : 0x00000014  EXCCAUSE: 0x0000001d  
EXCVADDR: 0x00000000  LBEG    : 0x4000c46c  LEND    : 0x4000c477  LCOUNT  : 0x0000000e  


Backtrace: 0x4000c469:0x3ffbbbb0 0x40082d2d:0x3ffbbbc0 0x400d8368:0x3ffbbbe0 0x400d83af:0x3ffbbc00 0x400d821a:0x3ffbbc30 0x4015a873:0x3ffbbc50 0x400900ad:0x3ffbbc80




ELF file SHA256: 659f61ffa

Rebooting...
ets Jul 29 2019 12:21:46

rst:0xc (SW_CPU_RESET),boot:0x13 (SPI_FAST_FLASH_BOOT)
configsip: 0, SPIWP:0xee
clk_drv:0x00,q_drv:0x00,d_drv:0x00,cs0_drv:0x00,hd_drv:0x00,wp_drv:0x00
mode:DIO, clock div:2
load:0x3fff0030,len:7176
load:0x40078000,len:15564
ho 0 tail 12 room 4
load:0x40080400,len:4
load:0x40080404,len:3904
entry 0x40080640
[0;32mI (31) boot: ESP-IDF v5.3.1-dirty 2nd stage bootloader[0m
[0;32mI (31) boot: compile time Nov 16 2024 15:09:17[0m
[0;32mI (31) boot: Multicore bootloader[0m
[0;32mI (36) boot: chip revision: v3.1[0m
[0;32mI (40) boot.esp32: SPI Speed      : 40MHz[0m
[0;32mI (44) boot.esp32: SPI Mode       : DIO[0m
[0;32mI (49) boot.esp32: SPI Flash Size : 2MB[0m
[0;32mI (53) boot: Enabling RNG early entropy source...[0m
[0;32mI (59) boot: Partition Table:[0m
[0;32mI (62) boot: ## Label            Usage          Type ST Offset   Length[0m
[0;32mI (70) boot:  0 nvs              WiFi data        01 02 00009000 00006000[0m
[0;32mI (77) boot:  1 phy_init         RF data          01 01 0000f000 00001000[0m
[0;32mI (85) boot:  2 factory          factory app      00 00 00010000 00100000[0m
[0;32mI (92) boot: End of partition table[0m
[0;32mI (96) esp_image: segment 0: paddr=00010020 vaddr=3f400020 size=25834h (153652) map[0m
[0;32mI (157) esp_image: segment 1: paddr=0003585c vaddr=3ffbdb60 size=04acch ( 19148) load[0m
[0;32mI (165) esp_image: segment 2: paddr=0003a330 vaddr=40080000 size=05ce8h ( 23784) load[0m
[0;32mI (174) esp_image: segment 3: paddr=00040020 vaddr=400d0020 size=8c830h (575536) map[0m
[0;32mI (372) esp_image: segment 4: paddr=000cc858 vaddr=40085ce8 size=11950h ( 72016) load[0m
[0;32mI (412) boot: Loaded app from partition at offset 0x10000[0m
[0;32mI (412) boot: Disabling RNG early entropy source...[0m
[0;32mI (424) cpu_start: Multicore app[0m
[0;32mI (433) cpu_start: Pro cpu start user code[0m
[0;32mI (433) cpu_start: cpu freq: 160000000 Hz[0m
[0;32mI (433) app_init: Application information:[0m
[0;32mI (436) app_init: Project name:     PlantCare_Module[0m
[0;32mI (441) app_init: App version:      ed5855e-dirty[0m
[0;32mI (447) app_init: Compile time:     Nov 17 2024 18:08:00[0m
[0;32mI (453) app_init: ELF file SHA256:  659f61ffa...[0m
[0;32mI (458) app_init: ESP-IDF:          v5.3.1-dirty[0m
[0;32mI (463) efuse_init: Min chip rev:     v0.0[0m
[0;32mI (468) efuse_init: Max chip rev:     v3.99 [0m
[0;32mI (473) efuse_init: Chip rev:         v3.1[0m
[0;32mI (478) heap_init: Initializing. RAM available for dynamic allocation:[0m
[0;32mI (485) heap_init: At 3FFAFF10 len 000000F0 (0 KiB): DRAM[0m
[0;32mI (491) heap_init: At 3FFB6388 len 00001C78 (7 KiB): DRAM[0m
[0;32mI (497) heap_init: At 3FFB9A20 len 00004108 (16 KiB): DRAM[0m
[0;32mI (503) heap_init: At 3FFC8188 len 00017E78 (95 KiB): DRAM[0m
[0;32mI (509) heap_init: At 3FFE0440 len 00003AE0 (14 KiB): D/IRAM[0m
[0;32mI (516) heap_init: At 3FFE4350 len 0001BCB0 (111 KiB): D/IRAM[0m
[0;32mI (522) heap_init: At 40097638 len 000089C8 (34 KiB): IRAM[0m
[0;32mI (530) spi_flash: detected chip: generic[0m
[0;32mI (533) spi_flash: flash io: dio[0m
[0;33mW (537) spi_flash: Detected size(4096k) larger than the size in the binary image header(2048k). Using the size in the binary image header.[0m
[0;32mI (551) coexist: coex firmware version: 4482466[0m
[0;32mI (556) main_task: Started on CPU0[0m
[0;32mI (566) main_task: Calling app_main()[0m
[0;32mI (576) BTDM_INIT: BT controller compile version [b022216][0m
[0;32mI (576) BTDM_INIT: Bluetooth MAC: f0:24:f9:44:30:aa[0m
[0;32mI (576) phy_init: phy_version 4830,54550f7,Jun 20 2024,14:22:08[0m
status=2
Guru Meditation Error: Core  0 panic'ed (StoreProhibited). Exception was unhandled.

Core  0 register dump:
PC      : 0x4000c46c  PS      : 0x00060330  A0      : 0x80082d30  A1      : 0x3ffbbbb0  
A2      : 0x00000000  A3      : 0x00000000  A4      : 0x000000f0  A5      : 0x00000000  
A6      : 0x3f41a1e8  A7      : 0x0000000f  A8      : 0x3ffc5860  A9      : 0x3ffbbb50  
A10     : 0x00000001  A11     : 0x40106424  A12     : 0x3ffd1580  A13     : 0x3ffcbb9c  
A14     : 0xffffffff  A15     : 0x3ffcbb80  SAR     : 0x00000014  EXCCAUSE: 0x0000001d  
EXCVADDR: 0x00000000  LBEG    : 0x4000c46c  LEND    : 0x4000c477  LCOUNT  : 0x0000000e  


Backtrace: 0x4000c469:0x3ffbbbb0 0x40082d2d:0x3ffbbbc0 0x400d8368:0x3ffbbbe0 0x400d83af:0x3ffbbc00 0x400d821a:0x3ffbbc30 0x4015a873:0x3ffbbc50 0x400900ad:0x3ffbbc80




ELF file SHA256: 659f61ffa

Rebooting...
ets Jul 29 2019 12:21:46

rst:0xc (SW_CPU_RESET),boot:0x13 (SPI_FAST_FLASH_BOOT)
configsip: 0, SPIWP:0xee
clk_drv:0x00,q_drv:0x00,d_drv:0x00,cs0_drv:0x00,hd_drv:0x00,wp_drv:0x00
mode:DIO, clock div:2
load:0x3fff0030,len:7176
load:0x40078000,len:15564
ho 0 tail 12 room 4
load:0x40080400,len:4
load:0x40080404,len:3904
entry 0x40080640
[0;32mI (31) boot: ESP-IDF v5.3.1-dirty 2nd stage bootloader[0m
[0;32mI (31) boot: compile time Nov 16 2024 15:09:17[0m
[0;32mI (31) boot: Multicore bootloader[0m
[0;32mI (36) boot: chip revision: v3.1[0m
[0;32mI (40) boot.esp32: SPI Speed      : 40MHz[0m
[0;32mI (44) boot.esp32: SPI Mode       : DIO[0m
[0;32mI (49) boot.esp32: SPI Flash Size : 2MB[0m
[0;32mI (53) boot: Enabling RNG early entropy source...[0m
[0;32mI (59) boot: Partition Table:[0m
[0;32mI (62) boot: ## Label            Usage          Type ST Offset   Length[0m
[0;32mI (70) boot:  0 nvs              WiFi data        01 02 00009000 00006000[0m
[0;32mI (77) boot:  1 phy_init         RF data          01 01 0000f000 00001000[0m
[0;32mI (85) boot:  2 factory          factory app      00 00 00010000 00100000[0m
[0;32mI (92) boot: End of partition table[0m
[0;32mI (96) esp_image: segment 0: paddr=00010020 vaddr=3f400020 size=25834h (153652) map[0m
[0;32mI (157) esp_image: segment 1: paddr=0003585c vaddr=3ffbdb60 size=04acch ( 19148) load[0m
[0;32mI (165) esp_image: segment 2: paddr=0003a330 vaddr=40080000 size=05ce8h ( 23784) load[0m
[0;32mI (174) esp_image: segment 3: paddr=00040020 vaddr=400d0020 size=8c830h (575536) map[0m
[0;32mI (372) esp_image: segment 4: paddr=000cc858 vaddr=40085ce8 size=11950h ( 72016) load[0m
[0;32mI (412) boot: Loaded app from partition at offset 0x10000[0m
[0;32mI (412) boot: Disabling RNG early entropy source...[0m
[0;32mI (424) cpu_start: Multicore app[0m
[0;32mI (433) cpu_start: Pro cpu start user code[0m
[0;32mI (433) cpu_start: cpu freq: 160000000 Hz[0m
[0;32mI (433) app_init: Application information:[0m
[0;32mI (436) app_init: Project name:     PlantCare_Module[0m
[0;32mI (441) app_init: App version:      ed5855e-dirty[0m
[0;32mI (447) app_init: Compile time:     Nov 17 2024 18:08:00[0m
[0;32mI (453) app_init: ELF file SHA256:  659f61ffa...[0m
[0;32mI (458) app_init: ESP-IDF:          v5.3.1-dirty[0m
[0;32mI (463) efuse_init: Min chip rev:     v0.0[0m
[0;32mI (468) efuse_init: Max chip rev:     v3.99 [0m
[0;32mI (473) efuse_init: Chip rev:         v3.1[0m
[0;32mI (478) heap_init: Initializing. RAM available for dynamic allocation:[0m
[0;32mI (485) heap_init: At 3FFAFF10 len 000000F0 (0 KiB): DRAM[0m
[0;32mI (491) heap_init: At 3FFB6388 len 00001C78 (7 KiB): DRAM[0m
[0;32mI (497) heap_init: At 3FFB9A20 len 00004108 (16 KiB): DRAM[0m
[0;32mI (503) heap_init: At 3FFC8188 len 00017E78 (95 KiB): DRAM[0m
[0;32mI (509) heap_init: At 3FFE0440 len 00003AE0 (14 KiB): D/IRAM[0m
[0;32mI (516) heap_init: At 3FFE4350 len 0001BCB0 (111 KiB): D/IRAM[0m
[0;32mI (522) heap_init: At 40097638 len 000089C8 (34 KiB): IRAM[0m
[0;32mI (530) spi_flash: detected chip: generic[0m
[0;32mI (533) spi_flash: flash io: dio[0m
[0;33mW (537) spi_flash: Detected size(4096k) larger than the size in the binary image header(2048k). Using the size in the binary image header.[0m
[0;32mI (551) coexist: coex firmware version: 4482466[0m
[0;32mI (556) main_task: Started on CPU0[0m
[0;32mI (566) main_task: Calling app_main()[0m
[0;32mI (576) BTDM_INIT: BT controller compile version [b022216][0m
[0;32mI (576) BTDM_INIT: Bluetooth MAC: f0:24:f9:44:30:aa[0m
[0;32mI (576) phy_init: phy_version 4830,54550f7,Jun 20 2024,14:22:08[0m
status=2
Guru Meditation Error: Core  0 panic'ed (StoreProhibited). Exception was unhandled.

Core  0 register dump:
PC      : 0x4000c46c  PS      : 0x00060330  A0      : 0x80082d30  A1      : 0x3ffbbbb0  
A2      : 0x00000000  A3      : 0x00000000  A4      : 0x000000f0  A5      : 0x00000000  
A6      : 0x3f41a1e8  A7      : 0x0000000f  A8      : 0x3ffc5860  A9      : 0x3ffbbb50  
A10     : 0x00000001  A11     : 0x40106424  A12     : 0x3ffd1580  A13     : 0x3ffcbb9c  
A14     : 0xffffffff  A15     : 0x3ffcbb80  SAR     : 0x00000014  EXCCAUSE: 0x0000001d  
EXCVADDR: 0x00000000  LBEG    : 0x4000c46c  LEND    : 0x4000c477  LCOUNT  : 0x0000000e  


Backtrace: 0x4000c469:0x3ffbbbb0 0x40082d2d:0x3ffbbbc0 0x400d8368:0x3ffbbbe0 0x400d83af:0x3ffbbc00 0x400d821a:0x3ffbbc30 0x4015a873:0x3ffbbc50 0x400900ad:0x3ffbbc80




ELF file SHA256: 659f61ffa

Rebooting...
ets Jul 29 2019 12:21:46

rst:0xc (SW_CPU_RESET),boot:0x13 (SPI_FAST_FLASH_BOOT)
configsip: 0, SPIWP:0xee
clk_drv:0x00,q_drv:0x00,d_drv:0x00,cs0_drv:0x00,hd_drv:0x00,wp_drv:0x00
mode:DIO, clock div:2
load:0x3fff0030,len:7176
load:0x40078000,len:15564
ho 0 tail 12 room 4
load:0x40080400,len:4
load:0x40080404,len:3904
entry 0x40080640
[0;32mI (31) boot: ESP-IDF v5.3.1-dirty 2nd stage bootloader[0m
[0;32mI (31) boot: compile time Nov 16 2024 15:09:17[0m
[0;32mI (31) boot: Multicore bootloader[0m
[0;32mI (36) boot: chip revision: v3.1[0m
[0;32mI (40) boot.esp32: SPI Speed      : 40MHz[0m
[0;32mI (44) boot.esp32: SPI Mode       : DIO[0m
[0;32mI (49) boot.esp32: SPI Flash Size : 2MB[0m
[0;32mI (53) boot: Enabling RNG early entropy source...[0m
[0;32mI (59) boot: Partition Table:[0m
[0;32mI (62) boot: ## Label            Usage          Type ST Offset   Length[0m
[0;32mI (70) boot:  0 nvs              WiFi data        01 02 00009000 00006000[0m
[0;32mI (77) boot:  1 phy_init         RF data          01 01 0000f000 00001000[0m
[0;32mI (85) boot:  2 factory          factory app      00 00 00010000 00100000[0m
[0;32mI (92) boot: End of partition table[0m
[0;32mI (96) esp_image: segment 0: paddr=00010020 vaddr=3f400020 size=25834h (153652) map[0m
[0;32mI (157) esp_image: segment 1: paddr=0003585c vaddr=3ffbdb60 size=04acch ( 19148) load[0m
[0;32mI (165) esp_image: segment 2: paddr=0003a330 vaddr=40080000 size=05ce8h ( 23784) load[0m
[0;32mI (174) esp_image: segment 3: paddr=00040020 vaddr=400d0020 size=8c830h (575536) map[0m
[0;32mI (372) esp_image: segment 4: paddr=000cc858 vaddr=40085ce8 size=11950h ( 72016) load[0m
[0;32mI (412) boot: Loaded app from partition at offset 0x10000[0m
[0;32mI (412) boot: Disabling RNG early entropy source...[0m
[0;32mI (424) cpu_start: Multicore app[0m
[0;32mI (433) cpu_start: Pro cpu start user code[0m
[0;32mI (433) cpu_start: cpu freq: 160000000 Hz[0m
[0;32mI (433) app_init: Application information:[0m
[0;32mI (436) app_init: Project name:     PlantCare_Module[0m
[0;32mI (441) app_init: App version:      ed5855e-dirty[0m
[0;32mI (447) app_init: Compile time:     Nov 17 2024 18:08:00[0m
[0;32mI (453) app_init: ELF file SHA256:  659f61ffa...[0m
[0;32mI (458) app_init: ESP-IDF:          v5.3.1-dirty[0m
[0;32mI (463) efuse_init: Min chip rev:     v0.0[0m
[0;32mI (468) efuse_init: Max chip rev:     v3.99 [0m
[0;32mI (473) efuse_init: Chip rev:         v3.1[0m
[0;32mI (478) heap_init: Initializing. RAM available for dynamic allocation:[0m
[0;32mI (485) heap_init: At 3FFAFF10 len 000000F0 (0 KiB): DRAM[0m
[0;32mI (491) heap_init: At 3FFB6388 len 00001C78 (7 KiB): DRAM[0m
[0;32mI (497) heap_init: At 3FFB9A20 len 00004108 (16 KiB): DRAM[0m
[0;32mI (503) heap_init: At 3FFC8188 len 00017E78 (95 KiB): DRAM[0m
[0;32mI (509) heap_init: At 3FFE0440 len 00003AE0 (14 KiB): D/IRAM[0m
[0;32mI (516) heap_init: At 3FFE4350 len 0001BCB0 (111 KiB): D/IRAM[0m
[0;32mI (522) heap_init: At 40097638 len 000089C8 (34 KiB): IRAM[0m
[0;32mI (530) spi_flash: detected chip: generic[0m
[0;32mI (533) spi_flash: flash io: dio[0m
[0;33mW (537) spi_flash: Detected size(4096k) larger than the size in the binary image header(2048k). Using the size in the binary image header.[0m
[0;32mI (551) coexist: coex firmware version: 4482466[0m
[0;32mI (556) main_task: Started on CPU0[0m
[0;32mI (566) main_task: Calling app_main()[0m
[0;32mI (576) BTDM_INIT: BT controller compile version [b022216][0m
[0;32mI (576) BTDM_INIT: Bluetooth MAC: f0:24:f9:44:30:aa[0m
[0;32mI (576) phy_init: phy_version 4830,54550f7,Jun 20 2024,14:22:08[0m
status=2
Guru Meditation Error: Core  0 panic'ed (StoreProhibited). Exception was unhandled.

Core  0 register dump:
PC      : 0x4000c46c  PS      : 0x00060330  A0      : 0x80082d30  A1      : 0x3ffbbbb0  
A2      : 0x00000000  A3      : 0x00000000  A4      : 0x000000f0  A5      : 0x00000000  
A6      : 0x3f41a1e8  A7      : 0x0000000f  A8      : 0x3ffc5860  A9      : 0x3ffbbb50  
A10     : 0x00000001  A11     : 0x40106424  A12     : 0x3ffd1580  A13     : 0x3ffcbb9c  
A14     : 0xffffffff  A15     : 0x3ffcbb80  SAR     : 0x00000014  EXCCAUSE: 0x0000001d  
EXCVADDR: 0x00000000  LBEG    : 0x4000c46c  LEND    : 0x4000c477  LCOUNT  : 0x0000000e  


Backtrace: 0x4000c469:0x3ffbbbb0 0x40082d2d:0x3ffbbbc0 0x400d8368:0x3ffbbbe0 0x400d83af:0x3ffbbc00 0x400d821a:0x3ffbbc30 0x4015a873:0x3ffbbc50 0x400900ad:0x3ffbbc80




ELF file SHA256: 659f61ffa

Rebooting...
ets Jul 29 2019 12:21:46

rst:0xc (SW_CPU_RESET),boot:0x13 (SPI_FAST_FLASH_BOOT)
configsip: 0, SPIWP:0xee
clk_drv:0x00,q_drv:0x00,d_drv:0x00,cs0_drv:0x00,hd_drv:0x00,wp_drv:0x00
mode:DIO, clock div:2
load:0x3fff0030,len:7176
load:0x40078000,len:15564
ho 0 tail 12 room 4
load:0x40080400,len:4
load:0x40080404,len:3904
entry 0x40080640
[0;32mI (31) boot: ESP-IDF v5.3.1-dirty 2nd stage bootloader[0m
[0;32mI (31) boot: compile time Nov 16 2024 15:09:17[0m
[0;32mI (31) boot: Multicore bootloader[0m
[0;32mI (36) boot: chip revision: v3.1[0m
[0;32mI (40) boot.esp32: SPI Speed      : 40MHz[0m
[0;32mI (44) boot.esp32: SPI Mode       : DIO[0m
[0;32mI (49) boot.esp32: SPI Flash Size : 2MB[0m
[0;32mI (53) boot: Enabling RNG early entropy source...[0m
[0;32mI (59) boot: Partition Table:[0m
[0;32mI (62) boot: ## Label            Usage          Type ST Offset   Length[0m
[0;32mI (70) boot:  0 nvs              WiFi data        01 02 00009000 00006000[0m
[0;32mI (77) boot:  1 phy_init         RF data          01 01 0000f000 00001000[0m
[0;32mI (85) boot:  2 factory          factory app      00 00 00010000 00100000[0m
[0;32mI (92) boot: End of partition table[0m
[0;32mI (96) esp_image: segment 0: paddr=00010020 vaddr=3f400020 size=25834h (153652) map[0m
[0;32mI (157) esp_image: segment 1: paddr=0003585c vaddr=3ffbdb60 size=04acch ( 19148) load[0m
[0;32mI (165) esp_image: segment 2: paddr=0003a330 vaddr=40080000 size=05ce8h ( 23784) load[0m
[0;32mI (174) esp_image: segment 3: paddr=00040020 vaddr=400d0020 size=8c830h (575536) map[0m
[0;32mI (372) esp_image: segment 4: paddr=000cc858 vaddr=40085ce8 size=11950h ( 72016) load[0m
[0;32mI (412) boot: Loaded app from partition at offset 0x10000[0m
[0;32mI (412) boot: Disabling RNG early entropy source...[0m
[0;32mI (424) cpu_start: Multicore app[0m
[0;32mI (433) cpu_start: Pro cpu start user code[0m
[0;32mI (433) cpu_start: cpu freq: 160000000 Hz[0m
[0;32mI (433) app_init: Application information:[0m
[0;32mI (436) app_init: Project name:     PlantCare_Module[0m
[0;32mI (441) app_init: App version:      ed5855e-dirty[0m
[0;32mI (447) app_init: Compile time:     Nov 17 2024 18:08:00[0m
[0;32mI (453) app_init: ELF file SHA256:  659f61ffa...[0m
[0;32mI (458) app_init: ESP-IDF:          v5.3.1-dirty[0m
[0;32mI (463) efuse_init: Min chip rev:     v0.0[0m
[0;32mI (468) efuse_init: Max chip rev:     v3.99 [0m
[0;32mI (473) efuse_init: Chip rev:         v3.1[0m
[0;32mI (478) heap_init: Initializing. RAM available for dynamic allocation:[0m
[0;32mI (485) heap_init: At 3FFAFF10 len 000000F0 (0 KiB): DRAM[0m
[0;32mI (491) heap_init: At 3FFB6388 len 00001C78 (7 KiB): DRAM[0m
[0;32mI (497) heap_init: At 3FFB9A20 len 00004108 (16 KiB): DRAM[0m
[0;32mI (503) heap_init: At 3FFC8188 len 00017E78 (95 KiB): DRAM[0m
[0;32mI (509) heap_init: At 3FFE0440 len 00003AE0 (14 KiB): D/IRAM[0m
[0;32mI (516) heap_init: At 3FFE4350 len 0001BCB0 (111 KiB): D/IRAM[0m
[0;32mI (522) heap_init: At 40097638 len 000089C8 (34 KiB): IRAM[0m
[0;32mI (530) spi_flash: detected chip: generic[0m
[0;32mI (533) spi_flash: flash io: dio[0m
[0;33mW (537) spi_flash: Detected size(4096k) larger than the size in the binary image header(2048k). Using the size in the binary image header.[0m
[0;32mI (551) coexist: coex firmware version: 4482466[0m
[0;32mI (556) main_task: Started on CPU0[0m
[0;32mI (566) main_task: Calling app_main()[0m
[0;32mI (576) BTDM_INIT: BT controller compile version [b022216][0m
[0;32mI (576) BTDM_INIT: Bluetooth MAC: f0:24:f9:44:30:aa[0m
[0;32mI (576) phy_init: phy_version 4830,54550f7,Jun 20 2024,14:22:08[0m
status=2
Guru Meditation Error: Core  0 panic'ed (StoreProhibited). Exception was unhandled.

Core  0 register dump:
PC      : 0x4000c46c  PS      : 0x00060330  A0      : 0x80082d30  A1      : 0x3ffbbbb0  
A2      : 0x00000000  A3      : 0x00000000  A4      : 0x000000f0  A5      : 0x00000000  
A6      : 0x3f41a1e8  A7      : 0x0000000f  A8      : 0x3ffc5860  A9      : 0x3ffbbb50  
A10     : 0x00000001  A11     : 0x40106424  A12     : 0x3ffd1578  A13     : 0x3ffcbb9c  
A14     : 0xffffffff  A15     : 0x3ffcbb80  SAR     : 0x00000014  EXCCAUSE: 0x0000001d  
EXCVADDR: 0x00000000  LBEG    : 0x4000c46c  LEND    : 0x4000c477  LCOUNT  : 0x0000000e  


Backtrace: 0x4000c469:0x3ffbbbb0 0x40082d2d:0x3ffbbbc0 0x400d8368:0x3ffbbbe0 0x400d83af:0x3ffbbc00 0x400d821a:0x3ffbbc30 0x4015a873:0x3ffbbc50 0x400900ad:0x3ffbbc80




ELF file SHA256: 659f61ffa

Rebooting...
ets Jul 29 2019 12:21:46

rst:0xc (SW_CPU_RESET),boot:0x13 (SPI_FAST_FLASH_BOOT)
configsip: 0, SPIWP:0xee
clk_drv:0x00,q_drv:0x00,d_drv:0x00,cs0_drv:0x00,hd_drv:0x00,wp_drv:0x00
mode:DIO, clock div:2
load:0x3fff0030,len:7176
load:0x40078000,len:15564
ho 0 tail 12 room 4
load:0x40080400,len:4
load:0x40080404,len:3904
entry 0x40080640
[0;32mI (31) boot: ESP-IDF v5.3.1-dirty 2nd stage bootloader[0m
[0;32mI (31) boot: compile time Nov 16 2024 15:09:17[0m
[0;32mI (31) boot: Multicore bootloader[0m
[0;32mI (36) boot: chip revision: v3.1[0m
[0;32mI (40) boot.esp32: SPI Speed      : 40MHz[0m
[0;32mI (44) boot.esp32: SPI Mode       : DIO[0m
[0;32mI (49) boot.esp32: SPI Flash Size : 2MB[0m
[0;32mI (53) boot: Enabling RNG early entropy source...[0m
[0;32mI (59) boot: Partition Table:[0m
[0;32mI (62) boot: ## Label            Usage          Type ST Offset   Length[0m
[0;32mI (70) boot:  0 nvs              WiFi data        01 02 00009000 00006000[0m
[0;32mI (77) boot:  1 phy_init         RF data          01 01 0000f000 00001000[0m
[0;32mI (85) boot:  2 factory          factory app      00 00 00010000 00100000[0m
[0;32mI (92) boot: End of partition table[0m
[0;32mI (96) esp_image: segment 0: paddr=00010020 vaddr=3f400020 size=25834h (153652) map[0m
[0;32mI (157) esp_image: segment 1: paddr=0003585c vaddr=3ffbdb60 size=04acch ( 19148) load[0m
[0;32mI (165) esp_image: segment 2: paddr=0003a330 vaddr=40080000 size=05ce8h ( 23784) load[0m
[0;32mI (174) esp_image: segment 3: paddr=00040020 vaddr=400d0020 size=8c830h (575536) map[0m
[0;32mI (372) esp_image: segment 4: paddr=000cc858 vaddr=40085ce8 size=11950h ( 72016) load[0m
[0;32mI (412) boot: Loaded app from partition at offset 0x10000[0m
[0;32mI (412) boot: Disabling RNG early entropy source...[0m
[0;32mI (424) cpu_start: Multicore app[0m
[0;32mI (433) cpu_start: Pro cpu start user code[0m
[0;32mI (433) cpu_start: cpu freq: 160000000 Hz[0m
[0;32mI (433) app_init: Application information:[0m
[0;32mI (436) app_init: Project name:     PlantCare_Module[0m
[0;32mI (441) app_init: App version:      ed5855e-dirty[0m
[0;32mI (447) app_init: Compile time:     Nov 17 2024 18:08:00[0m
[0;32mI (453) app_init: ELF file SHA256:  659f61ffa...[0m
[0;32mI (458) app_init: ESP-IDF:          v5.3.1-dirty[0m
[0;32mI (463) efuse_init: Min chip rev:     v0.0[0m
[0;32mI (468) efuse_init: Max chip rev:     v3.99 [0m
[0;32mI (473) efuse_init: Chip rev:         v3.1[0m
[0;32mI (478) heap_init: Initializing. RAM available for dynamic allocation:[0m
[0;32mI (485) heap_init: At 3FFAFF10 len 000000F0 (0 KiB): DRAM[0m
[0;32mI (491) heap_init: At 3FFB6388 len 00001C78 (7 KiB): DRAM[0m
[0;32mI (497) heap_init: At 3FFB9A20 len 00004108 (16 KiB): DRAM[0m
[0;32mI (503) heap_init: At 3FFC8188 len 00017E78 (95 KiB): DRAM[0m
[0;32mI (509) heap_init: At 3FFE0440 len 00003AE0 (14 KiB): D/IRAM[0m
[0;32mI (516) heap_init: At 3FFE4350 len 0001BCB0 (111 KiB): D/IRAM[0m
[0;32mI (522) heap_init: At 40097638 len 000089C8 (34 KiB): IRAM[0m
[0;32mI (530) spi_flash: detected chip: generic[0m
[0;32mI (533) spi_flash: flash io: dio[0m
[0;33mW (537) spi_flash: Detected size(4096k) larger than the size in the binary image header(2048k). Using the size in the binary image header.[0m
[0;32mI (551) coexist: coex firmware version: 4482466[0m
[0;32mI (556) main_task: Started on CPU0[0m
[0;32mI (566) main_task: Calling app_main()[0m
[0;32mI (576) BTDM_INIT: BT controller compile version [b022216][0m
[0;32mI (576) BTDM_INIT: Bluetooth MAC: f0:24:f9:44:30:aa[0m
[0;32mI (576) phy_init: phy_version 4830,54550f7,Jun 20 2024,14:22:08[0m
status=2
Guru Meditation Error: Core  0 panic'ed (StoreProhibited). Exception was unhandled.

Core  0 register dump:
PC      : 0x4000c46c  PS      : 0x00060330  A0      : 0x80082d30  A1      : 0x3ffbbbb0  
A2      : 0x00000000  A3      : 0x00000000  A4      : 0x000000f0  A5      : 0x00000000  
A6      : 0x3f41a1e8  A7      : 0x0000000f  A8      : 0x3ffc5860  A9      : 0x3ffbbb50  
A10     : 0x00000001  A11     : 0x40106424  A12     : 0x3ffd1578  A13     : 0x3ffcbb9c  
A14     : 0xffffffff  A15     : 0x3ffcbb80  SAR     : 0x00000014  EXCCAUSE: 0x0000001d  
EXCVADDR: 0x00000000  LBEG    : 0x4000c46c  LEND    : 0x4000c477  LCOUNT  : 0x0000000e  


Backtrace: 0x4000c469:0x3ffbbbb0 0x40082d2d:0x3ffbbbc0 0x400d8368:0x3ffbbbe0 0x400d83af:0x3ffbbc00 0x400d821a:0x3ffbbc30 0x4015a873:0x3ffbbc50 0x400900ad:0x3ffbbc80




ELF file SHA256: 659f61ffa

Rebooting...
ets Jul 29 2019 12:21:46

rst:0xc (SW_CPU_RESET),boot:0x13 (SPI_FAST_FLASH_BOOT)
configsip: 0, SPIWP:0xee
clk_drv:0x00,q_drv:0x00,d_drv:0x00,cs0_drv:0x00,hd_drv:0x00,wp_drv:0x00
mode:DIO, clock div:2
load:0x3fff0030,len:7176
load:0x40078000,len:15564
ho 0 tail 12 room 4
load:0x40080400,len:4
load:0x40080404,len:3904
entry 0x40080640
[0;32mI (31) boot: ESP-IDF v5.3.1-dirty 2nd stage bootloader[0m
[0;32mI (31) boot: compile time Nov 16 2024 15:09:17[0m
[0;32mI (31) boot: Multicore bootloader[0m
[0;32mI (36) boot: chip revision: v3.1[0m
[0;32mI (40) boot.esp32: SPI Speed      : 40MHz[0m
[0;32mI (44) boot.esp32: SPI Mode       : DIO[0m
[0;32mI (49) boot.esp32: SPI Flash Size : 2MB[0m
[0;32mI (53) boot: Enabling RNG early entropy source...[0m
[0;32mI (59) boot: Partition Table:[0m
[0;32mI (62) boot: ## Label            Usage          Type ST Offset   Length[0m
[0;32mI (70) boot:  0 nvs              WiFi data        01 02 00009000 00006000[0m
[0;32mI (77) boot:  1 phy_init         RF data          01 01 0000f000 00001000[0m
[0;32mI (85) boot:  2 factory          factory app      00 00 00010000 00100000[0m
[0;32mI (92) boot: End of partition table[0m
[0;32mI (96) esp_image: segment 0: paddr=00010020 vaddr=3f400020 size=25834h (153652) map[0m
[0;32mI (157) esp_image: segment 1: paddr=0003585c vaddr=3ffbdb60 size=04acch ( 19148) load[0m
[0;32mI (165) esp_image: segment 2: paddr=0003a330 vaddr=40080000 size=05ce8h ( 23784) load[0m
[0;32mI (174) esp_image: segment 3: paddr=00040020 vaddr=400d0020 size=8c830h (575536) map[0m
[0;32mI (372) esp_image: segment 4: paddr=000cc858 vaddr=40085ce8 size=11950h ( 72016) load[0m
[0;32mI (412) boot: Loaded app from partition at offset 0x10000[0m
[0;32mI (412) boot: Disabling RNG early entropy source...[0m
[0;32mI (424) cpu_start: Multicore app[0m
[0;32mI (433) cpu_start: Pro cpu start user code[0m
[0;32mI (433) cpu_start: cpu freq: 160000000 Hz[0m
[0;32mI (433) app_init: Application information:[0m
[0;32mI (436) app_init: Project name:     PlantCare_Module[0m
[0;32mI (441) app_init: App version:      ed5855e-dirty[0m
[0;32mI (447) app_init: Compile time:     Nov 17 2024 18:08:00[0m
[0;32mI (453) app_init: ELF file SHA256:  659f61ffa...[0m
[0;32mI (458) app_init: ESP-IDF:          v5.3.1-dirty[0m
[0;32mI (463) efuse_init: Min chip rev:     v0.0[0m
[0;32mI (468) efuse_init: Max chip rev:     v3.99 [0m
[0;32mI (473) efuse_init: Chip rev:         v3.1[0m
[0;32mI (478) heap_init: Initializing. RAM available for dynamic allocation:[0m
[0;32mI (485) heap_init: At 3FFAFF10 len 000000F0 (0 KiB): DRAM[0m
[0;32mI (491) heap_init: At 3FFB6388 len 00001C78 (7 KiB): DRAM[0m
[0;32mI (497) heap_init: At 3FFB9A20 len 00004108 (16 KiB): DRAM[0m
[0;32mI (503) heap_init: At 3FFC8188 len 00017E78 (95 KiB): DRAM[0m
[0;32mI (509) heap_init: At 3FFE0440 len 00003AE0 (14 KiB): D/IRAM[0m
[0;32mI (516) heap_init: At 3FFE4350 len 0001BCB0 (111 KiB): D/IRAM[0m
[0;32mI (522) heap_init: At 40097638 len 000089C8 (34 KiB): IRAM[0m
[0;32mI (530) spi_flash: detected chip: generic[0m
[0;32mI (533) spi_flash: flash io: dio[0m
[0;33mW (537) spi_flash: Detected size(4096k) larger than the size in the binary image header(2048k). Using the size in the binary image header.[0m
[0;32mI (551) coexist: coex firmware version: 4482466[0m
[0;32mI (556) main_task: Started on CPU0[0m
[0;32mI (566) main_task: Calling app_main()[0m
[0;32mI (576) BTDM_INIT: BT controller compile version [b022216][0m
[0;32mI (576) BTDM_INIT: Bluetooth MAC: f0:24:f9:44:30:aa[0m
[0;32mI (576) phy_init: phy_version 4830,54550f7,Jun 20 2024,14:22:08[0m
status=2
Guru Meditation Error: Core  0 panic'ed (StoreProhibited). Exception was unhandled.

Core  0 register dump:
PC      : 0x4000c46c  PS      : 0x00060330  A0      : 0x80082d30  A1      : 0x3ffbbbb0  
A2      : 0x00000000  A3      : 0x00000000  A4      : 0x000000f0  A5      : 0x00000000  
A6      : 0x3f41a1e8  A7      : 0x0000000f  A8      : 0x3ffc5860  A9      : 0x3ffbbb50  
A10     : 0x00000001  A11     : 0x40106424  A12     : 0x3ffd1578  A13     : 0x3ffcbb9c  
A14     : 0xffffffff  A15     : 0x3ffcbb80  SAR     : 0x00000014  EXCCAUSE: 0x0000001d  
EXCVADDR: 0x00000000  LBEG    : 0x4000c46c  LEND    : 0x4000c477  LCOUNT  : 0x0000000e  


Backtrace: 0x4000c469:0x3ffbbbb0 0x40082d2d:0x3ffbbbc0 0x400d8368:0x3ffbbbe0 0x400d83af:0x3ffbbc00 0x400d821a:0x3ffbbc30 0x4015a873:0x3ffbbc50 0x400900ad:0x3ffbbc80




ELF file SHA256: 659f61ffa

Rebooting...
ets Jul 29 2019 12:21:46

rst:0xc (SW_CPU_RESET),boot:0x13 (SPI_FAST_FLASH_BOOT)
configsip: 0, SPIWP:0xee
clk_drv:0x00,q_drv:0x00,d_drv:0x00,cs0_drv:0x00,hd_drv:0x00,wp_drv:0x00
mode:DIO, clock div:2
load:0x3fff0030,len:7176
load:0x40078000,len:15564
ho 0 tail 12 room 4
load:0x40080400,len:4
load:0x40080404,len:3904
entry 0x40080640
[0;32mI (31) boot: ESP-IDF v5.3.1-dirty 2nd stage bootloader[0m
[0;32mI (31) boot: compile time Nov 16 2024 15:09:17[0m
[0;32mI (31) boot: Multicore bootloader[0m
[0;32mI (36) boot: chip revision: v3.1[0m
[0;32mI (40) boot.esp32: SPI Speed      : 40MHz[0m
[0;32mI (44) boot.esp32: SPI Mode       : DIO[0m
[0;32mI (49) boot.esp32: SPI Flash Size : 2MB[0m
[0;32mI (53) boot: Enabling RNG early entropy source...[0m
[0;32mI (59) boot: Partition Table:[0m
[0;32mI (62) boot: ## Label            Usage          Type ST Offset   Length[0m
[0;32mI (70) boot:  0 nvs              WiFi data        01 02 00009000 00006000[0m
[0;32mI (77) boot:  1 phy_init         RF data          01 01 0000f000 00001000[0m
[0;32mI (85) boot:  2 factory          factory app      00 00 00010000 00100000[0m
[0;32mI (92) boot: End of partition table[0m
[0;32mI (96) esp_image: segment 0: paddr=00010020 vaddr=3f400020 size=25834h (153652) map[0m
[0;32mI (157) esp_image: segment 1: paddr=0003585c vaddr=3ffbdb60 size=04acch ( 19148) load[0m
[0;32mI (165) esp_image: segment 2: paddr=0003a330 vaddr=40080000 size=05ce8h ( 23784) load[0m
[0;32mI (174) esp_image: segment 3: paddr=00040020 vaddr=400d0020 size=8c830h (575536) map[0m
[0;32mI (372) esp_image: segment 4: paddr=000cc858 vaddr=40085ce8 size=11950h ( 72016) load[0m
[0;32mI (412) boot: Loaded app from partition at offset 0x10000[0m
[0;32mI (412) boot: Disabling RNG early entropy source...[0m
[0;32mI (424) cpu_start: Multicore app[0m
[0;32mI (433) cpu_start: Pro cpu start user code[0m
[0;32mI (433) cpu_start: cpu freq: 160000000 Hz[0m
[0;32mI (433) app_init: Application information:[0m
[0;32mI (436) app_init: Project name:     PlantCare_Module[0m
[0;32mI (441) app_init: App version:      ed5855e-dirty[0m
[0;32mI (447) app_init: Compile time:     Nov 17 2024 18:08:00[0m
[0;32mI (453) app_init: ELF file SHA256:  659f61ffa...[0m
[0;32mI (458) app_init: ESP-IDF:          v5.3.1-dirty[0m
[0;32mI (463) efuse_init: Min chip rev:     v0.0[0m
[0;32mI (468) efuse_init: Max chip rev:     v3.99 [0m
[0;32mI (473) efuse_init: Chip rev:         v3.1[0m
[0;32mI (478) heap_init: Initializing. RAM available for dynamic allocation:[0m
[0;32mI (485) heap_init: At 3FFAFF10 len 000000F0 (0 KiB): DRAM[0m
[0;32mI (491) heap_init: At 3FFB6388 len 00001C78 (7 KiB): DRAM[0m
[0;32mI (497) heap_init: At 3FFB9A20 len 00004108 (16 KiB): DRAM[0m
[0;32mI (503) heap_init: At 3FFC8188 len 00017E78 (95 KiB): DRAM[0m
[0;32mI (509) heap_init: At 3FFE0440 len 00003AE0 (14 KiB): D/IRAM[0m
[0;32mI (516) heap_init: At 3FFE4350 len 0001BCB0 (111 KiB): D/IRAM[0m
[0;32mI (522) heap_init: At 40097638 len 000089C8 (34 KiB): IRAM[0m
[0;32mI (530) spi_flash: detected chip: generic[0m
[0;32mI (533) spi_flash: flash io: dio[0m
[0;33mW (537) spi_flash: Detected size(4096k) larger than the size in the binary image header(2048k). Using the size in the binary image header.[0m
[0;32mI (551) coexist: coex firmware version: 4482466[0m
[0;32mI (556) main_task: Started on CPU0[0m
[0;32mI (566) main_task: Calling app_main()[0m
[0;32mI (576) BTDM_INIT: BT controller compile version [b022216][0m
[0;32mI (576) BTDM_INIT: Bluetooth MAC: f0:24:f9:44:30:aa[0m
[0;32mI (576) phy_init: phy_version 4830,54550f7,Jun 20 2024,14:22:08[0m
status=2
Guru Meditation Error: Core  0 panic'ed (StoreProhibited). Exception was unhandled.

Core  0 register dump:
PC      : 0x4000c46c  PS      : 0x00060330  A0      : 0x80082d30  A1      : 0x3ffbbbb0  
A2      : 0x00000000  A3      : 0x00000000  A4      : 0x000000f0  A5      : 0x00000000  
A6      : 0x3f41a1e8  A7      : 0x0000000f  A8      : 0x3ffc5860  A9      : 0x3ffbbb50  
A10     : 0x00000001  A11     : 0x40106424  A12     : 0x3ffd1580  A13     : 0x3ffcbb9c  
A14     : 0xffffffff  A15     : 0x3ffcbb80  SAR     : 0x00000014  EXCCAUSE: 0x0000001d  
EXCVADDR: 0x00000000  LBEG    : 0x4000c46c  LEND    : 0x4000c477  LCOUNT  : 0x0000000e  


Backtrace: 0x4000c469:0x3ffbbbb0 0x40082d2d:0x3ffbbbc0 0x400d8368:0x3ffbbbe0 0x400d83af:0x3ffbbc00 0x400d821a:0x3ffbbc30 0x4015a873:0x3ffbbc50 0x400900ad:0x3ffbbc80




ELF file SHA256: 659f61ffa

Rebooting...
ets Jul 29 2019 12:21:46

rst:0xc (SW_CPU_RESET),boot:0x13 (SPI_FAST_FLASH_BOOT)
configsip: 0, SPIWP:0xee
clk_drv:0x00,q_drv:0x00,d_drv:0x00,cs0_drv:0x00,hd_drv:0x00,wp_drv:0x00
mode:DIO, clock div:2
load:0x3fff0030,len:7176
load:0x40078000,len:15564
ho 0 tail 12 room 4
load:0x40080400,len:4
load:0x40080404,len:3904
entry 0x40080640
[0;32mI (31) boot: ESP-IDF v5.3.1-dirty 2nd stage bootloader[0m
[0;32mI (31) boot: compile time Nov 16 2024 15:09:17[0m
[0;32mI (31) boot: Multicore bootloader[0m
[0;32mI (36) boot: chip revision: v3.1[0m
[0;32mI (40) boot.esp32: SPI Speed      : 40MHz[0m
[0;32mI (44) boot.esp32: SPI Mode       : DIO[0m
[0;32mI (49) boot.esp32: SPI Flash Size : 2MB[0m
[0;32mI (53) boot: Enabling RNG early entropy source...[0m
[0;32mI (59) boot: Partition Table:[0m
[0;32mI (62) boot: ## Label            Usage          Type ST Offset   Length[0m
[0;32mI (70) boot:  0 nvs              WiFi data        01 02 00009000 00006000[0m
[0;32mI (77) boot:  1 phy_init         RF data          01 01 0000f000 00001000[0m
[0;32mI (85) boot:  2 factory          factory app      00 00 00010000 00100000[0m
[0;32mI (92) boot: End of partition table[0m
[0;32mI (96) esp_image: segment 0: paddr=00010020 vaddr=3f400020 size=25834h (153652) map[0m
[0;32mI (157) esp_image: segment 1: paddr=0003585c vaddr=3ffbdb60 size=04acch ( 19148) load[0m
[0;32mI (165) esp_image: segment 2: paddr=0003a330 vaddr=40080000 size=05ce8h ( 23784) load[0m
[0;32mI (174) esp_image: segment 3: paddr=00040020 vaddr=400d0020 size=8c830h (575536) map[0m
[0;32mI (372) esp_image: segment 4: paddr=000cc858 vaddr=40085ce8 size=11950h ( 72016) load[0m
[0;32mI (412) boot: Loaded app from partition at offset 0x10000[0m
[0;32mI (412) boot: Disabling RNG early entropy source...[0m
[0;32mI (424) cpu_start: Multicore app[0m
[0;32mI (433) cpu_start: Pro cpu start user code[0m
[0;32mI (433) cpu_start: cpu freq: 160000000 Hz[0m
[0;32mI (433) app_init: Application information:[0m
[0;32mI (436) app_init: Project name:     PlantCare_Module[0m
[0;32mI (441) app_init: App version:      ed5855e-dirty[0m
[0;32mI (447) app_init: Compile time:     Nov 17 2024 18:08:00[0m
[0;32mI (453) app_init: ELF file SHA256:  659f61ffa...[0m
[0;32mI (458) app_init: ESP-IDF:          v5.3.1-dirty[0m
[0;32mI (463) efuse_init: Min chip rev:     v0.0[0m
[0;32mI (468) efuse_init: Max chip rev:     v3.99 [0m
[0;32mI (473) efuse_init: Chip rev:         v3.1[0m
[0;32mI (478) heap_init: Initializing. RAM available for dynamic allocation:[0m
[0;32mI (485) heap_init: At 3FFAFF10 len 000000F0 (0 KiB): DRAM[0m
[0;32mI (491) heap_init: At 3FFB6388 len 00001C78 (7 KiB): DRAM[0m
[0;32mI (497) heap_init: At 3FFB9A20 len 00004108 (16 KiB): DRAM[0m
[0;32mI (503) heap_init: At 3FFC8188 len 00017E78 (95 KiB): DRAM[0m
[0;32mI (509) heap_init: At 3FFE0440 len 00003AE0 (14 KiB): D/IRAM[0m
[0;32mI (516) heap_init: At 3FFE4350 len 0001BCB0 (111 KiB): D/IRAM[0m
[0;32mI (522) heap_init: At 40097638 len 000089C8 (34 KiB): IRAM[0m
[0;32mI (530) spi_flash: detected chip: generic[0m
[0;32mI (533) spi_flash: flash io: dio[0m
[0;33mW (537) spi_flash: Detected size(4096k) larger than the size in the binary image header(2048k). Using the size in the binary image header.[0m
[0;32mI (551) coexist: coex firmware version: 4482466[0m
[0;32mI (556) main_task: Started on CPU0[0m
[0;32mI (566) main_task: Calling app_main()[0m
[0;32mI (576) BTDM_INIT: BT controller compile version [b022216][0m
[0;32mI (576) BTDM_INIT: Bluetooth MAC: f0:24:f9:44:30:aa[0m
[0;32mI (576) phy_init: phy_version 4830,54550f7,Jun 20 2024,14:22:08[0m
[0;33mW (666) phy_init: saving new calibration data because of checksum failure, mode(0)[0m
status=2
Guru Meditation Error: Core  0 panic'ed (StoreProhibited). Exception was unhandled.

Core  0 register dump:
PC      : 0x4000c46c  PS      : 0x00060330  A0      : 0x80082d30  A1      : 0x3ffbbbb0  
A2      : 0x00000000  A3      : 0x00000000  A4      : 0x000000f0  A5      : 0x00000000  
A6      : 0x3f41a1e8  A7      : 0x0000000f  A8      : 0x3ffc5860  A9      : 0x3ffbbb50  
A10     : 0x00000001  A11     : 0x40106424  A12     : 0x3ffd1580  A13     : 0x3ffcbb9c  
A14     : 0xffffffff  A15     : 0x3ffcbb80  SAR     : 0x00000014  EXCCAUSE: 0x0000001d  
EXCVADDR: 0x00000000  LBEG    : 0x4000c46c  LEND    : 0x4000c477  LCOUNT  : 0x0000000e  


Backtrace: 0x4000c469:0x3ffbbbb0 0x40082d2d:0x3ffbbbc0 0x400d8368:0x3ffbbbe0 0x400d83af:0x3ffbbc00 0x400d821a:0x3ffbbc30 0x4015a873:0x3ffbbc50 0x400900ad:0x3ffbbc80




ELF file SHA256: 659f61ffa

Rebooting...
ets Jul 29 2019 12:21:46

rst:0xc (SW_CPU_RESET),boot:0x13 (SPI_FAST_FLASH_BOOT)
configsip: 0, SPIWP:0xee
clk_drv:0x00,q_drv:0x00,d_drv:0x00,cs0_drv:0x00,hd_drv:0x00,wp_drv:0x00
mode:DIO, clock div:2
load:0x3fff0030,len:7176
load:0x40078000,len:15564
ho 0 tail 12 room 4
load:0x40080400,len:4
load:0x40080404,len:3904
entry 0x40080640
[0;32mI (31) boot: ESP-IDF v5.3.1-dirty 2nd stage bootloader[0m
[0;32mI (31) boot: compile time Nov 16 2024 15:09:17[0m
[0;32mI (31) boot: Multicore bootloader[0m
[0;32mI (36) boot: chip revision: v3.1[0m
[0;32mI (40) boot.esp32: SPI Speed      : 40MHz[0m
[0;32mI (44) boot.esp32: SPI Mode       : DIO[0m
[0;32mI (49) boot.esp32: SPI Flash Size : 2MB[0m
[0;32mI (53) boot: Enabling RNG early entropy source...[0m
[0;32mI (59) boot: Partition Table:[0m
[0;32mI (62) boot: ## Label            Usage          Type ST Offset   Length[0m
[0;32mI (70) boot:  0 nvs              WiFi data        01 02 00009000 00006000[0m
[0;32mI (77) boot:  1 phy_init         RF data          01 01 0000f000 00001000[0m
[0;32mI (85) boot:  2 factory          factory app      00 00 00010000 00100000[0m
[0;32mI (92) boot: End of partition table[0m
[0;32mI (96) esp_image: segment 0: paddr=00010020 vaddr=3f400020 size=25834h (153652) map[0m
[0;32mI (157) esp_image: segment 1: paddr=0003585c vaddr=3ffbdb60 size=04acch ( 19148) load[0m
[0;32mI (165) esp_image: segment 2: paddr=0003a330 vaddr=40080000 size=05ce8h ( 23784) load[0m
[0;32mI (174) esp_image: segment 3: paddr=00040020 vaddr=400d0020 size=8c830h (575536) map[0m
[0;32mI (372) esp_image: segment 4: paddr=000cc858 vaddr=40085ce8 size=11950h ( 72016) load[0m
[0;32mI (412) boot: Loaded app from partition at offset 0x10000[0m
[0;32mI (412) boot: Disabling RNG early entropy source...[0m
[0;32mI (424) cpu_start: Multicore app[0m
[0;32mI (433) cpu_start: Pro cpu start user code[0m
[0;32mI (433) cpu_start: cpu freq: 160000000 Hz[0m
[0;32mI (433) app_init: Application information:[0m
[0;32mI (436) app_init: Project name:     PlantCare_Module[0m
[0;32mI (441) app_init: App version:      ed5855e-dirty[0m
[0;32mI (447) app_init: Compile time:     Nov 17 2024 18:08:00[0m
[0;32mI (453) app_init: ELF file SHA256:  659f61ffa...[0m
[0;32mI (458) app_init: ESP-IDF:          v5.3.1-dirty[0m
[0;32mI (463) efuse_init: Min chip rev:     v0.0[0m
[0;32mI (468) efuse_init: Max chip rev:     v3.99 [0m
[0;32mI (473) efuse_init: Chip rev:         v3.1[0m
[0;32mI (478) heap_init: Initializing. RAM available for dynamic allocation:[0m
[0;32mI (485) heap_init: At 3FFAFF10 len 000000F0 (0 KiB): DRAM[0m
[0;32mI (491) heap_init: At 3FFB6388 len 00001C78 (7 KiB): DRAM[0m
[0;32mI (497) heap_init: At 3FFB9A20 len 00004108 (16 KiB): DRAM[0m
[0;32mI (503) heap_init: At 3FFC8188 len 00017E78 (95 KiB): DRAM[0m
[0;32mI (509) heap_init: At 3FFE0440 len 00003AE0 (14 KiB): D/IRAM[0m
[0;32mI (516) heap_init: At 3FFE4350 len 0001BCB0 (111 KiB): D/IRAM[0m
[0;32mI (522) heap_init: At 40097638 len 000089C8 (34 KiB): IRAM[0m
[0;32mI (530) spi_flash: detected chip: generic[0m
[0;32mI (533) spi_flash: flash io: dio[0m
[0;33mW (537) spi_flash: Detected size(4096k) larger than the size in the binary image header(2048k). Using the size in the binary image header.[0m
[0;32mI (551) coexist: coex firmware version: 4482466[0m
[0;32mI (556) main_task: Started on CPU0[0m
[0;32mI (566) main_task: Calling app_main()[0m
[0;32mI (576) BTDM_INIT: BT controller compile version [b022216][0m
[0;32mI (576) BTDM_INIT: Bluetooth MAC: f0:24:f9:44:30:aa[0m
[0;32mI (576) phy_init: phy_version 4830,54550f7,Jun 20 2024,14:22:08[0m
status=2
Guru Meditation Error: Core  0 panic'ed (StoreProhibited). Exception was unhandled.

Core  0 register dump:
PC      : 0x4000c46c  PS      : 0x00060330  A0      : 0x80082d30  A1      : 0x3ffbbbb0  
A2      : 0x00000000  A3      : 0x00000000  A4      : 0x000000f0  A5      : 0x00000000  
A6      : 0x3f41a1e8  A7      : 0x0000000f  A8      : 0x3ffc5860  A9      : 0x3ffbbb50  
A10     : 0x00000001  A11     : 0x40106424  A12     : 0x3ffd1580  A13     : 0x3ffcbb9c  
A14     : 0xffffffff  A15     : 0x3ffcbb80  SAR     : 0x00000014  EXCCAUSE: 0x0000001d  
EXCVADDR: 0x00000000  LBEG    : 0x4000c46c  LEND    : 0x4000c477  LCOUNT  : 0x0000000e  


Backtrace: 0x4000c469:0x3ffbbbb0 0x40082d2d:0x3ffbbbc0 0x400d8368:0x3ffbbbe0 0x400d83af:0x3ffbbc00 0x400d821a:0x3ffbbc30 0x4015a873:0x3ffbbc50 0x400900ad:0x3ffbbc80




ELF file SHA256: 659f61ffa

Rebooting...
ets Jul 29 2019 12:21:46

rst:0xc (SW_CPU_RESET),boot:0x13 (SPI_FAST_FLASH_BOOT)
configsip: 0, SPIWP:0xee
clk_drv:0x00,q_drv:0x00,d_drv:0x00,cs0_drv:0x00,hd_drv:0x00,wp_drv:0x00
mode:DIO, clock div:2
load:0x3fff0030,len:7176
load:0x40078000,len:15564
ho 0 tail 12 room 4
load:0x40080400,len:4
load:0x40080404,len:3904
entry 0x40080640
[0;32mI (31) boot: ESP-IDF v5.3.1-dirty 2nd stage bootloader[0m
[0;32mI (31) boot: compile time Nov 16 2024 15:09:17[0m
[0;32mI (31) boot: Multicore bootloader[0m
[0;32mI (36) boot: chip revision: v3.1[0m
[0;32mI (40) boot.esp32: SPI Speed      : 40MHz[0m
[0;32mI (44) boot.esp32: SPI Mode       : DIO[0m
[0;32mI (49) boot.esp32: SPI Flash Size : 2MB[0m
[0;32mI (53) boot: Enabling RNG early entropy source...[0m
[0;32mI (59) boot: Partition Table:[0m
[0;32mI (62) boot: ## Label            Usage          Type ST Offset   Length[0m
[0;32mI (70) boot:  0 nvs              WiFi data        01 02 00009000 00006000[0m
[0;32mI (77) boot:  1 phy_init         RF data          01 01 0000f000 00001000[0m
[0;32mI (85) boot:  2 factory          factory app      00 00 00010000 00100000[0m
[0;32mI (92) boot: End of partition table[0m
[0;32mI (96) esp_image: segment 0: paddr=00010020 vaddr=3f400020 size=25834h (153652) map[0m
[0;32mI (157) esp_image: segment 1: paddr=0003585c vaddr=3ffbdb60 size=04acch ( 19148) load[0m
[0;32mI (165) esp_image: segment 2: paddr=0003a330 vaddr=40080000 size=05ce8h ( 23784) load[0m
[0;32mI (174) esp_image: segment 3: paddr=00040020 vaddr=400d0020 size=8c830h (575536) map[0m
[0;32mI (372) esp_image: segment 4: paddr=000cc858 vaddr=40085ce8 size=11950h ( 72016) load[0m
[0;32mI (412) boot: Loaded app from partition at offset 0x10000[0m
[0;32mI (412) boot: Disabling RNG early entropy source...[0m
[0;32mI (424) cpu_start: Multicore app[0m
[0;32mI (433) cpu_start: Pro cpu start user code[0m
[0;32mI (433) cpu_start: cpu freq: 160000000 Hz[0m
[0;32mI (433) app_init: Application information:[0m
[0;32mI (436) app_init: Project name:     PlantCare_Module[0m
[0;32mI (441) app_init: App version:      ed5855e-dirty[0m
[0;32mI (447) app_init: Compile time:     Nov 17 2024 18:08:00[0m
[0;32mI (453) app_init: ELF file SHA256:  659f61ffa...[0m
[0;32mI (458) app_init: ESP-IDF:          v5.3.1-dirty[0m
[0;32mI (463) efuse_init: Min chip rev:     v0.0[0m
[0;32mI (468) efuse_init: Max chip rev:     v3.99 [0m
[0;32mI (473) efuse_init: Chip rev:         v3.1[0m
[0;32mI (478) heap_init: Initializing. RAM available for dynamic allocation:[0m
[0;32mI (485) heap_init: At 3FFAFF10 len 000000F0 (0 KiB): DRAM[0m
[0;32mI (491) heap_init: At 3FFB6388 len 00001C78 (7 KiB): DRAM[0m
[0;32mI (497) heap_init: At 3FFB9A20 len 00004108 (16 KiB): DRAM[0m
[0;32mI (503) heap_init: At 3FFC8188 len 00017E78 (95 KiB): DRAM[0m
[0;32mI (509) heap_init: At 3FFE0440 len 00003AE0 (14 KiB): D/IRAM[0m
[0;32mI (516) heap_init: At 3FFE4350 len 0001BCB0 (111 KiB): D/IRAM[0m
[0;32mI (522) heap_init: At 40097638 len 000089C8 (34 KiB): IRAM[0m
[0;32mI (530) spi_flash: detected chip: generic[0m
[0;32mI (533) spi_flash: flash io: dio[0m
[0;33mW (537) spi_flash: Detected size(4096k) larger than the size in the binary image header(2048k). Using the size in the binary image header.[0m
[0;32mI (551) coexist: coex firmware version: 4482466[0m
[0;32mI (556) main_task: Started on CPU0[0m
[0;32mI (566) main_task: Calling app_main()[0m
[0;32mI (576) BTDM_INIT: BT controller compile version [b022216][0m
[0;32mI (576) BTDM_INIT: Bluetooth MAC: f0:24:f9:44:30:aa[0m
[0;32mI (576) phy_init: phy_version 4830,54550f7,Jun 20 2024,14:22:08[0m
status=2
Guru Meditation Error: Core  0 panic'ed (StoreProhibited). Exception was unhandled.

Core  0 register dump:
PC      : 0x4000c46c  PS      : 0x00060330  A0      : 0x80082d30  A1      : 0x3ffbbbb0  
A2      : 0x00000000  A3      : 0x00000000  A4      : 0x000000f0  A5      : 0x00000000  
A6      : 0x3f41a1e8  A7      : 0x0000000f  A8      : 0x3ffc5860  A9      : 0x3ffbbb50  
A10     : 0x00000001  A11     : 0x40106424  A12     : 0x3ffd1580  A13     : 0x3ffcbb9c  
A14     : 0xffffffff  A15     : 0x3ffcbb80  SAR     : 0x00000014  EXCCAUSE: 0x0000001d  
EXCVADDR: 0x00000000  LBEG    : 0x4000c46c  LEND    : 0x4000c477  LCOUNT  : 0x0000000e  


Backtrace: 0x4000c469:0x3ffbbbb0 0x40082d2d:0x3ffbbbc0 0x400d8368:0x3ffbbbe0 0x400d83af:0x3ffbbc00 0x400d821a:0x3ffbbc30 0x4015a873:0x3ffbbc50 0x400900ad:0x3ffbbc80




ELF file SHA256: 659f61ffa

Rebooting...
ets Jul 29 2019 12:21:46

rst:0xc (SW_CPU_RESET),boot:0x13 (SPI_FAST_FLASH_BOOT)
configsip: 0, SPIWP:0xee
clk_drv:0x00,q_drv:0x00,d_drv:0x00,cs0_drv:0x00,hd_drv:0x00,wp_drv:0x00
mode:DIO, clock div:2
load:0x3fff0030,len:7176
load:0x40078000,len:15564
ho 0 tail 12 room 4
load:0x40080400,len:4
load:0x40080404,len:3904
entry 0x40080640
[0;32mI (31) boot: ESP-IDF v5.3.1-dirty 2nd stage bootloader[0m
[0;32mI (31) boot: compile time Nov 16 2024 15:09:17[0m
[0;32mI (31) boot: Multicore bootloader[0m
[0;32mI (36) boot: chip revision: v3.1[0m
[0;32mI (40) boot.esp32: SPI Speed      : 40MHz[0m
[0;32mI (44) boot.esp32: SPI Mode       : DIO[0m
[0;32mI (49) boot.esp32: SPI Flash Size : 2MB[0m
[0;32mI (53) boot: Enabling RNG early entropy source...[0m
[0;32mI (59) boot: Partition Table:[0m
[0;32mI (62) boot: ## Label            Usage          Type ST Offset   Length[0m
[0;32mI (70) boot:  0 nvs              WiFi data        01 02 00009000 00006000[0m
[0;32mI (77) boot:  1 phy_init         RF data          01 01 0000f000 00001000[0m
[0;32mI (85) boot:  2 factory          factory app      00 00 00010000 00100000[0m
[0;32mI (92) boot: End of partition table[0m
[0;32mI (96) esp_image: segment 0: paddr=00010020 vaddr=3f400020 size=25834h (153652) map[0m
[0;32mI (157) esp_image: segment 1: paddr=0003585c vaddr=3ffbdb60 size=04acch ( 19148) load[0m
[0;32mI (165) esp_image: segment 2: paddr=0003a330 vaddr=40080000 size=05ce8h ( 23784) load[0m
[0;32mI (174) esp_image: segment 3: paddr=00040020 vaddr=400d0020 size=8c830h (575536) map[0m
[0;32mI (372) esp_image: segment 4: paddr=000cc858 vaddr=40085ce8 size=11950h ( 72016) load[0m
[0;32mI (412) boot: Loaded app from partition at offset 0x10000[0m
[0;32mI (412) boot: Disabling RNG early entropy source...[0m
[0;32mI (424) cpu_start: Multicore app[0m
[0;32mI (433) cpu_start: Pro cpu start user code[0m
[0;32mI (433) cpu_start: cpu freq: 160000000 Hz[0m
[0;32mI (433) app_init: Application information:[0m
[0;32mI (436) app_init: Project name:     PlantCare_Module[0m
[0;32mI (441) app_init: App version:      ed5855e-dirty[0m
[0;32mI (447) app_init: Compile time:     Nov 17 2024 18:08:00[0m
[0;32mI (453) app_init: ELF file SHA256:  659f61ffa...[0m
[0;32mI (458) app_init: ESP-IDF:          v5.3.1-dirty[0m
[0;32mI (463) efuse_init: Min chip rev:     v0.0[0m
[0;32mI (468) efuse_init: Max chip rev:     v3.99 [0m
[0;32mI (473) efuse_init: Chip rev:         v3.1[0m
[0;32mI (478) heap_init: Initializing. RAM available for dynamic allocation:[0m
[0;32mI (485) heap_init: At 3FFAFF10 len 000000F0 (0 KiB): DRAM[0m
[0;32mI (491) heap_init: At 3FFB6388 len 00001C78 (7 KiB): DRAM[0m
[0;32mI (497) heap_init: At 3FFB9A20 len 00004108 (16 KiB): DRAM[0m
[0;32mI (503) heap_init: At 3FFC8188 len 00017E78 (95 KiB): DRAM[0m
[0;32mI (509) heap_init: At 3FFE0440 len 00003AE0 (14 KiB): D/IRAM[0m
[0;32mI (516) heap_init: At 3FFE4350 len 0001BCB0 (111 KiB): D/IRAM[0m
[0;32mI (522) heap_init: At 40097638 len 000089C8 (34 KiB): IRAM[0m
[0;32mI (530) spi_flash: detected chip: generic[0m
[0;32mI (533) spi_flash: flash io: dio[0m
[0;33mW (537) spi_flash: Detected size(4096k) larger than the size in the binary image header(2048k). Using the size in the binary image header.[0m
[0;32mI (551) coexist: coex firmware version: 4482466[0m
[0;32mI (556) main_task: Started on CPU0[0m
[0;32mI (566) main_task: Calling app_main()[0m
[0;32mI (576) BTDM_INIT: BT controller compile version [b022216][0m
[0;32mI (576) BTDM_INIT: Bluetooth MAC: f0:24:f9:44:30:aa[0m
[0;32mI (576) phy_init: phy_version 4830,54550f7,Jun 20 2024,14:22:08[0m
status=2
Guru Meditation Error: Core  0 panic'ed (StoreProhibited). Exception was unhandled.

Core  0 register dump:
PC      : 0x4000c46c  PS      : 0x00060330  A0      : 0x80082d30  A1      : 0x3ffbbbb0  
A2      : 0x00000000  A3      : 0x00000000  A4      : 0x000000f0  A5      : 0x00000000  
A6      : 0x3f41a1e8  A7      : 0x0000000f  A8      : 0x3ffc5860  A9      : 0x3ffbbb50  
A10     : 0x00000001  A11     : 0x40106424  A12     : 0x3ffd1580  A13     : 0x3ffcbb9c  
A14     : 0xffffffff  A15     : 0x3ffcbb80  SAR     : 0x00000014  EXCCAUSE: 0x0000001d  
EXCVADDR: 0x00000000  LBEG    : 0x4000c46c  LEND    : 0x4000c477  LCOUNT  : 0x0000000e  


Backtrace: 0x4000c469:0x3ffbbbb0 0x40082d2d:0x3ffbbbc0 0x400d8368:0x3ffbbbe0 0x400d83af:0x3ffbbc00 0x400d821a:0x3ffbbc30 0x4015a873:0x3ffbbc50 0x400900ad:0x3ffbbc80




ELF file SHA256: 659f61ffa

Rebooting...
ets Jul 29 2019 12:21:46

rst:0xc (SW_CPU_RESET),boot:0x13 (SPI_FAST_FLASH_BOOT)
configsip: 0, SPIWP:0xee
clk_drv:0x00,q_drv:0x00,d_drv:0x00,cs0_drv:0x00,hd_drv:0x00,wp_drv:0x00
mode:DIO, clock div:2
load:0x3fff0030,len:7176
load:0x40078000,len:15564
ho 0 tail 12 room 4
load:0x40080400,len:4
load:0x40080404,len:3904
entry 0x40080640
[0;32mI (31) boot: ESP-IDF v5.3.1-dirty 2nd stage bootloader[0m
[0;32mI (31) boot: compile time Nov 16 2024 15:09:17[0m
[0;32mI (31) boot: Multicore bootloader[0m
[0;32mI (36) boot: chip revision: v3.1[0m
[0;32mI (40) boot.esp32: SPI Speed      : 40MHz[0m
[0;32mI (44) boot.esp32: SPI Mode       : DIO[0m
[0;32mI (49) boot.esp32: SPI Flash Size : 2MB[0m
[0;32mI (53) boot: Enabling RNG early entropy source...[0m
[0;32mI (59) boot: Partition Table:[0m
[0;32mI (62) boot: ## Label            Usage          Type ST Offset   Length[0m
[0;32mI (70) boot:  0 nvs              WiFi data        01 02 00009000 00006000[0m
[0;32mI (77) boot:  1 phy_init         RF data          01 01 0000f000 00001000[0m
[0;32mI (85) boot:  2 factory          factory app      00 00 00010000 00100000[0m
[0;32mI (92) boot: End of partition table[0m
[0;32mI (96) esp_image: segment 0: paddr=00010020 vaddr=3f400020 size=25834h (153652) map[0m
[0;32mI (157) esp_image: segment 1: paddr=0003585c vaddr=3ffbdb60 size=04acch ( 19148) load[0m
[0;32mI (165) esp_image: segment 2: paddr=0003a330 vaddr=40080000 size=05ce8h ( 23784) load[0m
[0;32mI (174) esp_image: segment 3: paddr=00040020 vaddr=400d0020 size=8c830h (575536) map[0m
[0;32mI (372) esp_image: segment 4: paddr=000cc858 vaddr=40085ce8 size=11950h ( 72016) load[0m
[0;32mI (412) boot: Loaded app from partition at offset 0x10000[0m
[0;32mI (412) boot: Disabling RNG early entropy source...[0m
[0;32mI (424) cpu_start: Multicore app[0m
[0;32mI (433) cpu_start: Pro cpu start user code[0m
[0;32mI (433) cpu_start: cpu freq: 160000000 Hz[0m
[0;32mI (433) app_init: Application information:[0m
[0;32mI (436) app_init: Project name:     PlantCare_Module[0m
[0;32mI (441) app_init: App version:      ed5855e-dirty[0m
[0;32mI (447) app_init: Compile time:     Nov 17 2024 18:08:00[0m
[0;32mI (453) app_init: ELF file SHA256:  659f61ffa...[0m
[0;32mI (458) app_init: ESP-IDF:          v5.3.1-dirty[0m
[0;32mI (463) efuse_init: Min chip rev:     v0.0[0m
[0;32mI (468) efuse_init: Max chip rev:     v3.99 [0m
[0;32mI (473) efuse_init: Chip rev:         v3.1[0m
[0;32mI (478) heap_init: Initializing. RAM available for dynamic allocation:[0m
[0;32mI (485) heap_init: At 3FFAFF10 len 000000F0 (0 KiB): DRAM[0m
[0;32mI (491) heap_init: At 3FFB6388 len 00001C78 (7 KiB): DRAM[0m
[0;32mI (497) heap_init: At 3FFB9A20 len 00004108 (16 KiB): DRAM[0m
[0;32mI (503) heap_init: At 3FFC8188 len 00017E78 (95 KiB): DRAM[0m
[0;32mI (509) heap_init: At 3FFE0440 len 00003AE0 (14 KiB): D/IRAM[0m
[0;32mI (516) heap_init: At 3FFE4350 len 0001BCB0 (111 KiB): D/IRAM[0m
[0;32mI (522) heap_init: At 40097638 len 000089C8 (34 KiB): IRAM[0m
[0;32mI (530) spi_flash: detected chip: generic[0m
[0;32mI (533) spi_flash: flash io: dio[0m
[0;33mW (537) spi_flash: Detected size(4096k) larger than the size in the binary image header(2048k). Using the size in the binary image header.[0m
[0;32mI (551) coexist: coex firmware version: 4482466[0m
[0;32mI (556) main_task: Started on CPU0[0m
[0;32mI (566) main_task: Calling app_main()[0m
[0;32mI (576) BTDM_INIT: BT controller compile version [b022216][0m
[0;32mI (576) BTDM_INIT: Bluetooth MAC: f0:24:f9:44:30:aa[0m
[0;32mI (576) phy_init: phy_version 4830,54550f7,Jun 20 2024,14:22:08[0m
status=2
Guru Meditation Error: Core  0 panic'ed (StoreProhibited). Exception was unhandled.

Core  0 register dump:
PC      : 0x4000c46c  PS      : 0x00060330  A0      : 0x80082d30  A1      : 0x3ffbbbb0  
A2      : 0x00000000  A3      : 0x00000000  A4      : 0x000000f0  A5      : 0x00000000  
A6      : 0x3f41a1e8  A7      : 0x0000000f  A8      : 0x3ffc5860  A9      : 0x3ffbbb50  
A10     : 0x00000001  A11     : 0x40106424  A12     : 0x3ffd1580  A13     : 0x3ffcbb9c  
A14     : 0xffffffff  A15     : 0x3ffcbb80  SAR     : 0x00000014  EXCCAUSE: 0x0000001d  
EXCVADDR: 0x00000000  LBEG    : 0x4000c46c  LEND    : 0x4000c477  LCOUNT  : 0x0000000e  


Backtrace: 0x4000c469:0x3ffbbbb0 0x40082d2d:0x3ffbbbc0 0x400d8368:0x3ffbbbe0 0x400d83af:0x3ffbbc00 0x400d821a:0x3ffbbc30 0x4015a873:0x3ffbbc50 0x400900ad:0x3ffbbc80




ELF file SHA256: 659f61ffa

Rebooting...
ets Jul 29 2019 12:21:46

rst:0xc (SW_CPU_RESET),boot:0x13 (SPI_FAST_FLASH_BOOT)
configsip: 0, SPIWP:0xee
clk_drv:0x00,q_drv:0x00,d_drv:0x00,cs0_drv:0x00,hd_drv:0x00,wp_drv:0x00
mode:DIO, clock div:2
load:0x3fff0030,len:7176
load:0x40078000,len:15564
ho 0 tail 12 room 4
load:0x40080400,len:4
load:0x40080404,len:3904
entry 0x40080640
[0;32mI (31) boot: ESP-IDF v5.3.1-dirty 2nd stage bootloader[0m
[0;32mI (31) boot: compile time Nov 16 2024 15:09:17[0m
[0;32mI (31) boot: Multicore bootloader[0m
[0;32mI (36) boot: chip revision: v3.1[0m
[0;32mI (40) boot.esp32: SPI Speed      : 40MHz[0m
[0;32mI (44) boot.esp32: SPI Mode       : DIO[0m
[0;32mI (49) boot.esp32: SPI Flash Size : 2MB[0m
[0;32mI (53) boot: Enabling RNG early entropy source...[0m
[0;32mI (59) boot: Partition Table:[0m
[0;32mI (62) boot: ## Label            Usage          Type ST Offset   Length[0m
[0;32mI (70) boot:  0 nvs              WiFi data        01 02 00009000 00006000[0m
[0;32mI (77) boot:  1 phy_init         RF data          01 01 0000f000 00001000[0m
[0;32mI (85) boot:  2 factory          factory app      00 00 00010000 00100000[0m
[0;32mI (92) boot: End of partition table[0m
[0;32mI (96) esp_image: segment 0: paddr=00010020 vaddr=3f400020 size=25834h (153652) map[0m
[0;32mI (157) esp_image: segment 1: paddr=0003585c vaddr=3ffbdb60 size=04acch ( 19148) load[0m
[0;32mI (165) esp_image: segment 2: paddr=0003a330 vaddr=40080000 size=05ce8h ( 23784) load[0m
[0;32mI (174) esp_image: segment 3: paddr=00040020 vaddr=400d0020 size=8c830h (575536) map[0m
[0;32mI (372) esp_image: segment 4: paddr=000cc858 vaddr=40085ce8 size=11950h ( 72016) load[0m
[0;32mI (412) boot: Loaded app from partition at offset 0x10000[0m
[0;32mI (412) boot: Disabling RNG early entropy source...[0m
[0;32mI (424) cpu_start: Multicore app[0m
[0;32mI (433) cpu_start: Pro cpu start user code[0m
[0;32mI (433) cpu_start: cpu freq: 160000000 Hz[0m
[0;32mI (433) app_init: Application information:[0m
[0;32mI (436) app_init: Project name:     PlantCare_Module[0m
[0;32mI (441) app_init: App version:      ed5855e-dirty[0m
[0;32mI (447) app_init: Compile time:     Nov 17 2024 18:08:00[0m
[0;32mI (453) app_init: ELF file SHA256:  659f61ffa...[0m
[0;32mI (458) app_init: ESP-IDF:          v5.3.1-dirty[0m
[0;32mI (463) efuse_init: Min chip rev:     v0.0[0m
[0;32mI (468) efuse_init: Max chip rev:     v3.99 [0m
[0;32mI (473) efuse_init: Chip rev:         v3.1[0m
[0;32mI (478) heap_init: Initializing. RAM available for dynamic allocation:[0m
[0;32mI (485) heap_init: At 3FFAFF10 len 000000F0 (0 KiB): DRAM[0m
[0;32mI (491) heap_init: At 3FFB6388 len 00001C78 (7 KiB): DRAM[0m
[0;32mI (497) heap_init: At 3FFB9A20 len 00004108 (16 KiB): DRAM[0m
[0;32mI (503) heap_init: At 3FFC8188 len 00017E78 (95 KiB): DRAM[0m
[0;32mI (509) heap_init: At 3FFE0440 len 00003AE0 (14 KiB): D/IRAM[0m
[0;32mI (516) heap_init: At 3FFE4350 len 0001BCB0 (111 KiB): D/IRAM[0m
[0;32mI (522) heap_init: At 40097638 len 000089C8 (34 KiB): IRAM[0m
[0;32mI (530) spi_flash: detected chip: generic[0m
[0;32mI (533) spi_flash: flash io: dio[0m
[0;33mW (537) spi_flash: Detected size(4096k) larger than the size in the binary image header(2048k). Using the size in the binary image header.[0m
[0;32mI (551) coexist: coex firmware version: 4482466[0m
[0;32mI (556) main_task: Started on CPU0[0m
[0;32mI (566) main_task: Calling app_main()[0m
[0;32mI (576) BTDM_INIT: BT controller compile version [b022216][0m
[0;32mI (576) BTDM_INIT: Bluetooth MAC: f0:24:f9:44:30:aa[0m
[0;32mI (576) phy_init: phy_version 4830,54550f7,Jun 20 2024,14:22:08[0m
status=2
Guru Meditation Error: Core  0 panic'ed (StoreProhibited). Exception was unhandled.

Core  0 register dump:
PC      : 0x4000c46c  PS      : 0x00060330  A0      : 0x80082d30  A1      : 0x3ffbbbb0  
A2      : 0x00000000  A3      : 0x00000000  A4      : 0x000000f0  A5      : 0x00000000  
A6      : 0x3f41a1e8  A7      : 0x0000000f  A8      : 0x3ffc5860  A9      : 0x3ffbbb50  
A10     : 0x00000001  A11     : 0x40106424  A12     : 0x3ffd1580  A13     : 0x3ffcbb9c  
A14     : 0xffffffff  A15     : 0x3ffcbb80  SAR     : 0x00000014  EXCCAUSE: 0x0000001d  
EXCVADDR: 0x00000000  LBEG    : 0x4000c46c  LEND    : 0x4000c477  LCOUNT  : 0x0000000e  


Backtrace: 0x4000c469:0x3ffbbbb0 0x40082d2d:0x3ffbbbc0 0x400d8368:0x3ffbbbe0 0x400d83af:0x3ffbbc00 0x400d821a:0x3ffbbc30 0x4015a873:0x3ffbbc50 0x400900ad:0x3ffbbc80




ELF file SHA256: 659f61ffa

Rebooting...
ets Jul 29 2019 12:21:46

rst:0xc (SW_CPU_RESET),boot:0x13 (SPI_FAST_FLASH_BOOT)
configsip: 0, SPIWP:0xee
clk_drv:0x00,q_drv:0x00,d_drv:0x00,cs0_drv:0x00,hd_drv:0x00,wp_drv:0x00
mode:DIO, clock div:2
load:0x3fff0030,len:7176
load:0x40078000,len:15564
ho 0 tail 12 room 4
load:0x40080400,len:4
load:0x40080404,len:3904
entry 0x40080640
[0;32mI (31) boot: ESP-IDF v5.3.1-dirty 2nd stage bootloader[0m
[0;32mI (31) boot: compile time Nov 16 2024 15:09:17[0m
[0;32mI (31) boot: Multicore bootloader[0m
[0;32mI (36) boot: chip revision: v3.1[0m
[0;32mI (40) boot.esp32: SPI Speed      : 40MHz[0m
[0;32mI (44) boot.esp32: SPI Mode       : DIO[0m
[0;32mI (49) boot.esp32: SPI Flash Size : 2MB[0m
[0;32mI (53) boot: Enabling RNG early entropy source...[0m
[0;32mI (59) boot: Partition Table:[0m
[0;32mI (62) boot: ## Label            Usage          Type ST Offset   Length[0m
[0;32mI (70) boot:  0 nvs              WiFi data        01 02 00009000 00006000[0m
[0;32mI (77) boot:  1 phy_init         RF data          01 01 0000f000 00001000[0m
[0;32mI (85) boot:  2 factory          factory app      00 00 00010000 00100000[0m
[0;32mI (92) boot: End of partition table[0m
[0;32mI (96) esp_image: segment 0: paddr=00010020 vaddr=3f400020 size=25834h (153652) map[0m
[0;32mI (157) esp_image: segment 1: paddr=0003585c vaddr=3ffbdb60 size=04acch ( 19148) load[0m
[0;32mI (165) esp_image: segment 2: paddr=0003a330 vaddr=40080000 size=05ce8h ( 23784) load[0m
[0;32mI (174) esp_image: segment 3: paddr=00040020 vaddr=400d0020 size=8c830h (575536) map[0m
[0;32mI (372) esp_image: segment 4: paddr=000cc858 vaddr=40085ce8 size=11950h ( 72016) load[0m
[0;32mI (412) boot: Loaded app from partition at offset 0x10000[0m
[0;32mI (412) boot: Disabling RNG early entropy source...[0m
[0;32mI (424) cpu_start: Multicore app[0m
[0;32mI (433) cpu_start: Pro cpu start user code[0m
[0;32mI (433) cpu_start: cpu freq: 160000000 Hz[0m
[0;32mI (433) app_init: Application information:[0m
[0;32mI (436) app_init: Project name:     PlantCare_Module[0m
[0;32mI (441) app_init: App version:      ed5855e-dirty[0m
[0;32mI (447) app_init: Compile time:     Nov 17 2024 18:08:00[0m
[0;32mI (453) app_init: ELF file SHA256:  659f61ffa...[0m
[0;32mI (458) app_init: ESP-IDF:          v5.3.1-dirty[0m
[0;32mI (463) efuse_init: Min chip rev:     v0.0[0m
[0;32mI (468) efuse_init: Max chip rev:     v3.99 [0m
[0;32mI (473) efuse_init: Chip rev:         v3.1[0m
[0;32mI (478) heap_init: Initializing. RAM available for dynamic allocation:[0m
[0;32mI (485) heap_init: At 3FFAFF10 len 000000F0 (0 KiB): DRAM[0m
[0;32mI (491) heap_init: At 3FFB6388 len 00001C78 (7 KiB): DRAM[0m
[0;32mI (497) heap_init: At 3FFB9A20 len 00004108 (16 KiB): DRAM[0m
[0;32mI (503) heap_init: At 3FFC8188 len 00017E78 (95 KiB): DRAM[0m
[0;32mI (509) heap_init: At 3FFE0440 len 00003AE0 (14 KiB): D/IRAM[0m
[0;32mI (516) heap_init: At 3FFE4350 len 0001BCB0 (111 KiB): D/IRAM[0m
[0;32mI (522) heap_init: At 40097638 len 000089C8 (34 KiB): IRAM[0m
[0;32mI (530) spi_flash: detected chip: generic[0m
[0;32mI (533) spi_flash: flash io: dio[0m
[0;33mW (537) spi_flash: Detected size(4096k) larger than the size in the binary image header(2048k). Using the size in the binary image header.[0m
[0;32mI (551) coexist: coex firmware version: 4482466[0m
[0;32mI (556) main_task: Started on CPU0[0m
[0;32mI (566) main_task: Calling app_main()[0m
[0;32mI (576) BTDM_INIT: BT controller compile version [b022216][0m
[0;32mI (576) BTDM_INIT: Bluetooth MAC: f0:24:f9:44:30:aa[0m
[0;32mI (576) phy_init: phy_version 4830,54550f7,Jun 20 2024,14:22:08[0m
status=2
Guru Meditation Error: Core  0 panic'ed (StoreProhibited). Exception was unhandled.

Core  0 register dump:
PC      : 0x4000c46c  PS      : 0x00060330  A0      : 0x80082d30  A1      : 0x3ffbbbb0  
A2      : 0x00000000  A3      : 0x00000000  A4      : 0x000000f0  A5      : 0x00000000  
A6      : 0x3f41a1e8  A7      : 0x0000000f  A8      : 0x3ffc5860  A9      : 0x3ffbbb50  
A10     : 0x00000001  A11     : 0x40106424  A12     : 0x3ffd1580  A13     : 0x3ffcbb9c  
A14     : 0xffffffff  A15     : 0x3ffcbb80  SAR     : 0x00000014  EXCCAUSE: 0x0000001d  
EXCVADDR: 0x00000000  LBEG    : 0x4000c46c  LEND    : 0x4000c477  LCOUNT  : 0x0000000e  


Backtrace: 0x4000c469:0x3ffbbbb0 0x40082d2d:0x3ffbbbc0 0x400d8368:0x3ffbbbe0 0x400d83af:0x3ffbbc00 0x400d821a:0x3ffbbc30 0x4015a873:0x3ffbbc50 0x400900ad:0x3ffbbc80




ELF file SHA256: 659f61ffa

Rebooting...
ets Jul 29 2019 12:21:46

rst:0xc (SW_CPU_RESET),boot:0x13 (SPI_FAST_FLASH_BOOT)
configsip: 0, SPIWP:0xee
clk_drv:0x00,q_drv:0x00,d_drv:0x00,cs0_drv:0x00,hd_drv:0x00,wp_drv:0x00
mode:DIO, clock div:2
load:0x3fff0030,len:7176
load:0x40078000,len:15564
ho 0 tail 12 room 4
load:0x40080400,len:4
load:0x40080404,len:3904
entry 0x40080640
[0;32mI (31) boot: ESP-IDF v5.3.1-dirty 2nd stage bootloader[0m
[0;32mI (31) boot: compile time Nov 16 2024 15:09:17[0m
[0;32mI (31) boot: Multicore bootloader[0m
[0;32mI (36) boot: chip revision: v3.1[0m
[0;32mI (40) boot.esp32: SPI Speed      : 40MHz[0m
[0;32mI (44) boot.esp32: SPI Mode       : DIO[0m
[0;32mI (49) boot.esp32: SPI Flash Size : 2MB[0m
[0;32mI (53) boot: Enabling RNG early entropy source...[0m
[0;32mI (59) boot: Partition Table:[0m
[0;32mI (62) boot: ## Label            Usage          Type ST Offset   Length[0m
[0;32mI (70) boot:  0 nvs              WiFi data        01 02 00009000 00006000[0m
[0;32mI (77) boot:  1 phy_init         RF data          01 01 0000f000 00001000[0m
[0;32mI (85) boot:  2 factory          factory app      00 00 00010000 00100000[0m
[0;32mI (92) boot: End of partition table[0m
[0;32mI (96) esp_image: segment 0: paddr=00010020 vaddr=3f400020 size=25834h (153652) map[0m
[0;32mI (157) esp_image: segment 1: paddr=0003585c vaddr=3ffbdb60 size=04acch ( 19148) load[0m
[0;32mI (165) esp_image: segment 2: paddr=0003a330 vaddr=40080000 size=05ce8h ( 23784) load[0m
[0;32mI (174) esp_image: segment 3: paddr=00040020 vaddr=400d0020 size=8c830h (575536) map[0m
[0;32mI (372) esp_image: segment 4: paddr=000cc858 vaddr=40085ce8 size=11950h ( 72016) load[0m
[0;32mI (412) boot: Loaded app from partition at offset 0x10000[0m
[0;32mI (412) boot: Disabling RNG early entropy source...[0m
[0;32mI (424) cpu_start: Multicore app[0m
[0;32mI (433) cpu_start: Pro cpu start user code[0m
[0;32mI (433) cpu_start: cpu freq: 160000000 Hz[0m
[0;32mI (433) app_init: Application information:[0m
[0;32mI (436) app_init: Project name:     PlantCare_Module[0m
[0;32mI (441) app_init: App version:      ed5855e-dirty[0m
[0;32mI (447) app_init: Compile time:     Nov 17 2024 18:08:00[0m
[0;32mI (453) app_init: ELF file SHA256:  659f61ffa...[0m
[0;32mI (458) app_init: ESP-IDF:          v5.3.1-dirty[0m
[0;32mI (463) efuse_init: Min chip rev:     v0.0[0m
[0;32mI (468) efuse_init: Max chip rev:     v3.99 [0m
[0;32mI (473) efuse_init: Chip rev:         v3.1[0m
[0;32mI (478) heap_init: Initializing. RAM available for dynamic allocation:[0m
[0;32mI (485) heap_init: At 3FFAFF10 len 000000F0 (0 KiB): DRAM[0m
[0;32mI (491) heap_init: At 3FFB6388 len 00001C78 (7 KiB): DRAM[0m
[0;32mI (497) heap_init: At 3FFB9A20 len 00004108 (16 KiB): DRAM[0m
[0;32mI (503) heap_init: At 3FFC8188 len 00017E78 (95 KiB): DRAM[0m
[0;32mI (509) heap_init: At 3FFE0440 len 00003AE0 (14 KiB): D/IRAM[0m
[0;32mI (516) heap_init: At 3FFE4350 len 0001BCB0 (111 KiB): D/IRAM[0m
[0;32mI (522) heap_init: At 40097638 len 000089C8 (34 KiB): IRAM[0m
[0;32mI (530) spi_flash: detected chip: generic[0m
[0;32mI (533) spi_flash: flash io: dio[0m
[0;33mW (537) spi_flash: Detected size(4096k) larger than the size in the binary image header(2048k). Using the size in the binary image header.[0m
[0;32mI (551) coexist: coex firmware version: 4482466[0m
[0;32mI (556) main_task: Started on CPU0[0m
[0;32mI (566) main_task: Calling app_main()[0m
[0;32mI (576) BTDM_INIT: BT controller compile version [b022216][0m
[0;32mI (576) BTDM_INIT: Bluetooth MAC: f0:24:f9:44:30:aa[0m
[0;32mI (576) phy_init: phy_version 4830,54550f7,Jun 20 2024,14:22:08[0m
[0;33mW (666) phy_init: saving new calibration data because of checksum failure, mode(0)[0m
status=2
Guru Meditation Error: Core  0 panic'ed (StoreProhibited). Exception was unhandled.

Core  0 register dump:
PC      : 0x4000c46c  PS      : 0x00060330  A0      : 0x80082d30  A1      : 0x3ffbbbb0  
A2      : 0x00000000  A3      : 0x00000000  A4      : 0x000000f0  A5      : 0x00000000  
A6      : 0x3f41a1e8  A7      : 0x0000000f  A8      : 0x3ffc5860  A9      : 0x3ffbbb50  
A10     : 0x00000001  A11     : 0x40106424  A12     : 0x3ffd1610  A13     : 0x3ffcbb9c  
A14     : 0xffffffff  A15     : 0x3ffcbb80  SAR     : 0x00000014  EXCCAUSE: 0x0000001d  
EXCVADDR: 0x00000000  LBEG    : 0x4000c46c  LEND    : 0x4000c477  LCOUNT  : 0x0000000e  


Backtrace: 0x4000c469:0x3ffbbbb0 0x40082d2d:0x3ffbbbc0 0x400d8368:0x3ffbbbe0 0x400d83af:0x3ffbbc00 0x400d821a:0x3ffbbc30 0x4015a873:0x3ffbbc50 0x400900ad:0x3ffbbc80




ELF file SHA256: 659f61ffa

Rebooting...
ets Jul 29 2019 12:21:46

rst:0xc (SW_CPU_RESET),boot:0x13 (SPI_FAST_FLASH_BOOT)
configsip: 0, SPIWP:0xee
clk_drv:0x00,q_drv:0x00,d_drv:0x00,cs0_drv:0x00,hd_drv:0x00,wp_drv:0x00
mode:DIO, clock div:2
load:0x3fff0030,len:7176
load:0x40078000,len:15564
ho 0 tail 12 room 4
load:0x40080400,len:4
load:0x40080404,len:3904
entry 0x40080640
[0;32mI (31) boot: ESP-IDF v5.3.1-dirty 2nd stage bootloader[0m
[0;32mI (31) boot: compile time Nov 16 2024 15:09:17[0m
[0;32mI (31) boot: Multicore bootloader[0m
[0;32mI (36) boot: chip revision: v3.1[0m
[0;32mI (40) boot.esp32: SPI Speed      : 40MHz[0m
[0;32mI (44) boot.esp32: SPI Mode       : DIO[0m
[0;32mI (49) boot.esp32: SPI Flash Size : 2MB[0m
[0;32mI (53) boot: Enabling RNG early entropy source...[0m
[0;32mI (59) boot: Partition Table:[0m
[0;32mI (62) boot: ## Label            Usage          Type ST Offset   Length[0m
[0;32mI (70) boot:  0 nvs              WiFi data        01 02 00009000 00006000[0m
[0;32mI (77) boot:  1 phy_init         RF data          01 01 0000f000 00001000[0m
[0;32mI (85) boot:  2 factory          factory app      00 00 00010000 00100000[0m
[0;32mI (92) boot: End of partition table[0m
[0;32mI (96) esp_image: segment 0: paddr=00010020 vaddr=3f400020 size=25834h (153652) map[0m
[0;32mI (157) esp_image: segment 1: paddr=0003585c vaddr=3ffbdb60 size=04acch ( 19148) load[0m
[0;32mI (165) esp_image: segment 2: paddr=0003a330 vaddr=40080000 size=05ce8h ( 23784) load[0m
[0;32mI (174) esp_image: segment 3: paddr=00040020 vaddr=400d0020 size=8c830h (575536) map[0m
[0;32mI (372) esp_image: segment 4: paddr=000cc858 vaddr=40085ce8 size=11950h ( 72016) load[0m
[0;32mI (412) boot: Loaded app from partition at offset 0x10000[0m
[0;32mI (412) boot: Disabling RNG early entropy source...[0m
[0;32mI (424) cpu_start: Multicore app[0m
[0;32mI (433) cpu_start: Pro cpu start user code[0m
[0;32mI (433) cpu_start: cpu freq: 160000000 Hz[0m
[0;32mI (433) app_init: Application information:[0m
[0;32mI (436) app_init: Project name:     PlantCare_Module[0m
[0;32mI (441) app_init: App version:      ed5855e-dirty[0m
[0;32mI (447) app_init: Compile time:     Nov 17 2024 18:08:00[0m
[0;32mI (453) app_init: ELF file SHA256:  659f61ffa...[0m
[0;32mI (458) app_init: ESP-IDF:          v5.3.1-dirty[0m
[0;32mI (463) efuse_init: Min chip rev:     v0.0[0m
[0;32mI (468) efuse_init: Max chip rev:     v3.99 [0m
[0;32mI (473) efuse_init: Chip rev:         v3.1[0m
[0;32mI (478) heap_init: Initializing. RAM available for dynamic allocation:[0m
[0;32mI (485) heap_init: At 3FFAFF10 len 000000F0 (0 KiB): DRAM[0m
[0;32mI (491) heap_init: At 3FFB6388 len 00001C78 (7 KiB): DRAM[0m
[0;32mI (497) heap_init: At 3FFB9A20 len 00004108 (16 KiB): DRAM[0m
[0;32mI (503) heap_init: At 3FFC8188 len 00017E78 (95 KiB): DRAM[0m
[0;32mI (509) heap_init: At 3FFE0440 len 00003AE0 (14 KiB): D/IRAM[0m
[0;32mI (516) heap_init: At 3FFE4350 len 0001BCB0 (111 KiB): D/IRAM[0m
[0;32mI (522) heap_init: At 40097638 len 000089C8 (34 KiB): IRAM[0m
[0;32mI (530) spi_flash: detected chip: generic[0m
[0;32mI (533) spi_flash: flash io: dio[0m
[0;33mW (537) spi_flash: Detected size(4096k) larger than the size in the binary image header(2048k). Using the size in the binary image header.[0m
[0;32mI (551) coexist: coex firmware version: 4482466[0m
[0;32mI (556) main_task: Started on CPU0[0m
[0;32mI (566) main_task: Calling app_main()[0m
[0;32mI (576) BTDM_INIT: BT controller compile version [b022216][0m
[0;32mI (576) BTDM_INIT: Bluetooth MAC: f0:24:f9:44:30:aa[0m
[0;32mI (576) phy_init: phy_version 4830,54550f7,Jun 20 2024,14:22:08[0m
status=2
Guru Meditation Error: Core  0 panic'ed (StoreProhibited). Exception was unhandled.

Core  0 register dump:
PC      : 0x4000c46c  PS      : 0x00060330  A0      : 0x80082d30  A1      : 0x3ffbbbb0  
A2      : 0x00000000  A3      : 0x00000000  A4      : 0x000000f0  A5      : 0x00000000  
A6      : 0x3f41a1e8  A7      : 0x0000000f  A8      : 0x3ffc5860  A9      : 0x3ffbbb50  
A10     : 0x00000001  A11     : 0x40106424  A12     : 0x3ffd1608  A13     : 0x3ffcbc24  
A14     : 0xffffffff  A15     : 0x3ffcbc08  SAR     : 0x00000014  EXCCAUSE: 0x0000001d  
EXCVADDR: 0x00000000  LBEG    : 0x4000c46c  LEND    : 0x4000c477  LCOUNT  : 0x0000000e  


Backtrace: 0x4000c469:0x3ffbbbb0 0x40082d2d:0x3ffbbbc0 0x400d8368:0x3ffbbbe0 0x400d83af:0x3ffbbc00 0x400d821a:0x3ffbbc30 0x4015a873:0x3ffbbc50 0x400900ad:0x3ffbbc80




ELF file SHA256: 659f61ffa

Rebooting...
ets Jul 29 2019 12:21:46

rst:0xc (SW_CPU_RESET),boot:0x13 (SPI_FAST_FLASH_BOOT)
configsip: 0, SPIWP:0xee
clk_drv:0x00,q_drv:0x00,d_drv:0x00,cs0_drv:0x00,hd_drv:0x00,wp_drv:0x00
mode:DIO, clock div:2
load:0x3fff0030,len:7176
load:0x40078000,len:15564
ho 0 tail 12 room 4
load:0x40080400,len:4
load:0x40080404,len:3904
entry 0x40080640
[0;32mI (31) boot: ESP-IDF v5.3.1-dirty 2nd stage bootloader[0m
[0;32mI (31) boot: compile time Nov 16 2024 15:09:17[0m
[0;32mI (31) boot: Multicore bootloader[0m
[0;32mI (36) boot: chip revision: v3.1[0m
[0;32mI (40) boot.esp32: SPI Speed      : 40MHz[0m
[0;32mI (44) boot.esp32: SPI Mode       : DIO[0m
[0;32mI (49) boot.esp32: SPI Flash Size : 2MB[0m
[0;32mI (53) boot: Enabling RNG early entropy source...[0m
[0;32mI (59) boot: Partition Table:[0m
[0;32mI (62) boot: ## Label            Usage          Type ST Offset   Length[0m
[0;32mI (70) boot:  0 nvs              WiFi data        01 02 00009000 00006000[0m
[0;32mI (77) boot:  1 phy_init         RF data          01 01 0000f000 00001000[0m
[0;32mI (85) boot:  2 factory          factory app      00 00 00010000 00100000[0m
[0;32mI (92) boot: End of partition table[0m
[0;32mI (96) esp_image: segment 0: paddr=00010020 vaddr=3f400020 size=25834h (153652) map[0m
[0;32mI (157) esp_image: segment 1: paddr=0003585c vaddr=3ffbdb60 size=04acch ( 19148) load[0m
[0;32mI (165) esp_image: segment 2: paddr=0003a330 vaddr=40080000 size=05ce8h ( 23784) load[0m
[0;32mI (174) esp_image: segment 3: paddr=00040020 vaddr=400d0020 size=8c830h (575536) map[0m
[0;32mI (372) esp_image: segment 4: paddr=000cc858 vaddr=40085ce8 size=11950h ( 72016) load[0m
[0;32mI (412) boot: Loaded app from partition at offset 0x10000[0m
[0;32mI (412) boot: Disabling RNG early entropy source...[0m
[0;32mI (424) cpu_start: Multicore app[0m
[0;32mI (433) cpu_start: Pro cpu start user code[0m
[0;32mI (433) cpu_start: cpu freq: 160000000 Hz[0m
[0;32mI (433) app_init: Application information:[0m
[0;32mI (436) app_init: Project name:     PlantCare_Module[0m
[0;32mI (441) app_init: App version:      ed5855e-dirty[0m
[0;32mI (447) app_init: Compile time:     Nov 17 2024 18:08:00[0m
[0;32mI (453) app_init: ELF file SHA256:  659f61ffa...[0m
[0;32mI (458) app_init: ESP-IDF:          v5.3.1-dirty[0m
[0;32mI (463) efuse_init: Min chip rev:     v0.0[0m
[0;32mI (468) efuse_init: Max chip rev:     v3.99 [0m
[0;32mI (473) efuse_init: Chip rev:         v3.1[0m
[0;32mI (478) heap_init: Initializing. RAM available for dynamic allocation:[0m
[0;32mI (485) heap_init: At 3FFAFF10 len 000000F0 (0 KiB): DRAM[0m
[0;32mI (491) heap_init: At 3FFB6388 len 00001C78 (7 KiB): DRAM[0m
[0;32mI (497) heap_init: At 3FFB9A20 len 00004108 (16 KiB): DRAM[0m
[0;32mI (503) heap_init: At 3FFC8188 len 00017E78 (95 KiB): DRAM[0m
[0;32mI (509) heap_init: At 3FFE0440 len 00003AE0 (14 KiB): D/IRAM[0m
[0;32mI (516) heap_init: At 3FFE4350 len 0001BCB0 (111 KiB): D/IRAM[0m
[0;32mI (522) heap_init: At 40097638 len 000089C8 (34 KiB): IRAM[0m
[0;32mI (530) spi_flash: detected chip: generic[0m
[0;32mI (533) spi_flash: flash io: dio[0m
[0;33mW (537) spi_flash: Detected size(4096k) larger than the size in the binary image header(2048k). Using the size in the binary image header.[0m
[0;32mI (551) coexist: coex firmware version: 4482466[0m
[0;32mI (556) main_task: Started on CPU0[0m
[0;32mI (566) main_task: Calling app_main()[0m
[0;32mI (576) BTDM_INIT: BT controller compile version [b022216][0m
[0;32mI (576) BTDM_INIT: Bluetooth MAC: f0:24:f9:44:30:aa[0m
[0;32mI (576) phy_init: phy_version 4830,54550f7,Jun 20 2024,14:22:08[0m
status=2
Guru Meditation Error: Core  0 panic'ed (StoreProhibited). Exception was unhandled.

Core  0 register dump:
PC      : 0x4000c46c  PS      : 0x00060330  A0      : 0x80082d30  A1      : 0x3ffbbbb0  
A2      : 0x00000000  A3      : 0x00000000  A4      : 0x000000f0  A5      : 0x00000000  
A6      : 0x3f41a1e8  A7      : 0x0000000f  A8      : 0x3ffc5860  A9      : 0x3ffbbb50  
A10     : 0x00000001  A11     : 0x40106424  A12     : 0x3ffd1608  A13     : 0x3ffcbc24  
A14     : 0xffffffff  A15     : 0x3ffcbc08  SAR     : 0x00000014  EXCCAUSE: 0x0000001d  
EXCVADDR: 0x00000000  LBEG    : 0x4000c46c  LEND    : 0x4000c477  LCOUNT  : 0x0000000e  


Backtrace: 0x4000c469:0x3ffbbbb0 0x40082d2d:0x3ffbbbc0 0x400d8368:0x3ffbbbe0 0x400d83af:0x3ffbbc00 0x400d821a:0x3ffbbc30 0x4015a873:0x3ffbbc50 0x400900ad:0x3ffbbc80




ELF file SHA256: 659f61ffa

Rebooting...
ets Jul 29 2019 12:21:46

rst:0xc (SW_CPU_RESET),boot:0x13 (SPI_FAST_FLASH_BOOT)
configsip: 0, SPIWP:0xee
clk_drv:0x00,q_drv:0x00,d_drv:0x00,cs0_drv:0x00,hd_drv:0x00,wp_drv:0x00
mode:DIO, clock div:2
load:0x3fff0030,len:7176
load:0x40078000,len:15564
ho 0 tail 12 room 4
load:0x40080400,len:4
load:0x40080404,len:3904
entry 0x40080640
[0;32mI (31) boot: ESP-IDF v5.3.1-dirty 2nd stage bootloader[0m
[0;32mI (31) boot: compile time Nov 16 2024 15:09:17[0m
[0;32mI (31) boot: Multicore bootloader[0m
[0;32mI (36) boot: chip revision: v3.1[0m
[0;32mI (40) boot.esp32: SPI Speed      : 40MHz[0m
[0;32mI (44) boot.esp32: SPI Mode       : DIO[0m
[0;32mI (49) boot.esp32: SPI Flash Size : 2MB[0m
[0;32mI (53) boot: Enabling RNG early entropy source...[0m
[0;32mI (59) boot: Partition Table:[0m
[0;32mI (62) boot: ## Label            Usage          Type ST Offset   Length[0m
[0;32mI (70) boot:  0 nvs              WiFi data        01 02 00009000 00006000[0m
[0;32mI (77) boot:  1 phy_init         RF data          01 01 0000f000 00001000[0m
[0;32mI (85) boot:  2 factory          factory app      00 00 00010000 00100000[0m
[0;32mI (92) boot: End of partition table[0m
[0;32mI (96) esp_image: segment 0: paddr=00010020 vaddr=3f400020 size=25834h (153652) map[0m
[0;32mI (157) esp_image: segment 1: paddr=0003585c vaddr=3ffbdb60 size=04acch ( 19148) load[0m
[0;32mI (165) esp_image: segment 2: paddr=0003a330 vaddr=40080000 size=05ce8h ( 23784) load[0m
[0;32mI (174) esp_image: segment 3: paddr=00040020 vaddr=400d0020 size=8c830h (575536) map[0m
[0;32mI (372) esp_image: segment 4: paddr=000cc858 vaddr=40085ce8 size=11950h ( 72016) load[0m
[0;32mI (412) boot: Loaded app from partition at offset 0x10000[0m
[0;32mI (412) boot: Disabling RNG early entropy source...[0m
[0;32mI (424) cpu_start: Multicore app[0m
[0;32mI (433) cpu_start: Pro cpu start user code[0m
[0;32mI (433) cpu_start: cpu freq: 160000000 Hz[0m
[0;32mI (433) app_init: Application information:[0m
[0;32mI (436) app_init: Project name:     PlantCare_Module[0m
[0;32mI (441) app_init: App version:      ed5855e-dirty[0m
[0;32mI (447) app_init: Compile time:     Nov 17 2024 18:08:00[0m
[0;32mI (453) app_init: ELF file SHA256:  659f61ffa...[0m
[0;32mI (458) app_init: ESP-IDF:          v5.3.1-dirty[0m
[0;32mI (463) efuse_init: Min chip rev:     v0.0[0m
[0;32mI (468) efuse_init: Max chip rev:     v3.99 [0m
[0;32mI (473) efuse_init: Chip rev:         v3.1[0m
[0;32mI (478) heap_init: Initializing. RAM available for dynamic allocation:[0m
[0;32mI (485) heap_init: At 3FFAFF10 len 000000F0 (0 KiB): DRAM[0m
[0;32mI (491) heap_init: At 3FFB6388 len 00001C78 (7 KiB): DRAM[0m
[0;32mI (497) heap_init: At 3FFB9A20 len 00004108 (16 KiB): DRAM[0m
[0;32mI (503) heap_init: At 3FFC8188 len 00017E78 (95 KiB): DRAM[0m
[0;32mI (509) heap_init: At 3FFE0440 len 00003AE0 (14 KiB): D/IRAM[0m
