[0m
[0m
[0m
[0m
[0m
[0m
[0m
[0m
[0m
[0m
[0m
[0m
[0m
[0m
[0m
[0m
[0m
[0m
[0m
[0m
[0m
[0m
[0m
[0m
[0m
[0m
[0m
[0m
[0m
[0m
[0m
[0m
[0m
[0m
[0m
[0m
[0m
[0m
[0m
[0m
[0m
[0m
[0m
[0m
[0m
[0m
[0m
[0m
[0m
[0m
[0m
[0m
[0m
[0m
[0m
[0m
[0m
[0m
[0m
[0m
[0m
[0m
[0m
[0m
[0m
[0m
[0m
[0m
[0m
[0m
[0m
[0m
[0m
[0m
[0m
[0m
[0m
[0m
[0m
[0m
[0m
[0m
[0m
[0m
[0m
[0m
[0m
[0m
[0m
[0m
[0m
[0m
[0m
[0m
[0m
[0m
[0m
[0m
[0m
[0m
[0m
[0m
[0m
[0m
[0m
[0m
[0m
[0m
[0m
[0m
[0m
[0m
[0m
[0m
[0m
[0m
[0m
[0m
[0m
[0m
[0m
[0m
[0m
[0m
[0m
[0m
[0m
[0m
[0m
[0m
[0m
[0m
[0m
[0m
[0m
[0m
[0m
[0m
[0m
[0m
[0m
[0m
[0m
[0m
[0m
[0m
[0m
[0m
[0m
[0m
[0m
[0m
[0m
[0m
[0m
[0m
[0m
[0m
[0m
[0m
[0m
[0m
[0m
[0m
[0m
[0m
[0m
[0m
[0m
[0m
[0m
[0m
[0m
[0m
[0m
[0m
[0m
[0m
[0m
[0m
[0m
[0m
[0m
[0m
[0m
[0m
[0m
[0m
[0m
[0m
[0m
[0m
[0m
[0m
[0m
[0m
[0m
[0m
[0m
[0m
[0m
[0m
[0m
[0m
[0m
[0m
[0m
[0m
[0m
[0m
[0m
[0m
[0m
[0m
[0m
[0m
[0m
[0m
[0m
[0m
[0m
[0m
[0m
[0m
[0m
[0m
[0m
[0m
[0m
[0m
[0m
[0m
[0m
[0m
[0m
[0m
[0m
[0m
[0m
[0m
[0m
[0m
[0m
[0m
[0m
[0m
[0m
[0m
[0m
[0m
[0m
[0m
[0m
[0m
[0m
[0m
[0m
[0m
[0m
[0m
[0m
[0m
[0m
[0m
[0m
[0m
[0m
[0m
[0m
[0m
[0m
[0m
[0m
[0m
[0m
[0m
[0m
[0m
[0m
[0m
[0m
[0m
[0m
[0m
[0m
[0m
[0m
[0m
[0m
[0m
[0m
[0m
[0m
[0m
[0m
[0m
[0m
[0m
[0m
[0m
[0m
[0m
[0m
[0m
[0m
[0m
[0m
[0m
[0m
[0m
[0m
[0m
[0m
[0m
[0m
[0m
[0m
[0m
[0m
[0m
[0m
[0m
[0m
[0m
[0m
[0m
[0m
[0m
[0m
[0m
[0m
[0m
[0m
[0m
[0m
[0m
[0m
[0m
[0m
[0m
[0m
[0m
[0m
[0m
[0m
[0m
[0m
[0m
[0m
[0m
[0m
[0m
[0m
[0m
[0m
[0m
[0m
[0m
[0m
[0m
[0m
[0m
[0m
[0m
[0m
[0m
[0m
[0m
[0m
[0m
[0m
[0m
[0m
[0m
[0m
[0m
[0m
[0m
[0m
[0m
[0m
[0m
[0m
[0m
[0m
[0m
[0m
[0m
[0m
[0m
[0m
[0m
[0m
[0m
[0m
[0m
[0m
[0m
[0m
[0m
[0m
[0m
[0m
[0m
[0m
[0m
[0m
[0m
[0m
[0m
[0m
[0m
[0m
[0m
[0m
[0m
[0m
[0m
[0m
[0m
[0m
[0m
[0m
[0m
[0m
[0m
[0m
[0m
[0m
[0m
[0m
[0m
[0m
[0m
[0m
[0m
[0m
[0m
[0m
[0m
[0m
[0m
[0m
[0m
[0m
[0m
[0m
ets Jul 29 2019 12:21:46

rst:ets Jul 29 2019 12:21:46

rst:ets Jul 29 2019 12:21:46

rst:ets Jul 29 2019 12:21:46

rst:ets Jul 29 2019 12:21:46

rst:ets Jul 29 2019 12:21:46

rst:ets Jul 29 2019 12:21:46

rst:ets Jul 29 2019 12:21:46

rst:ets Jul 29 2019 12:21:46

rst:ets Jul 29 2019 12:21:46

rst:ets Jul 29 2019 12:21:46

rst:ets Jul 29 2019 12:21:46

rst:ets Jul 29 2019 12:21:46

rst:ets Jul 29 2019 12:21:46

rst:ets Jul 29 2019 12:21:46

rst:ets Jul 29 2019 12:21:46

rst:ets Jul 29 2019 12:21:46

rst:ets Jul 29 2019 12:21:46

rst:ets Jul 29 2019 12:21:46

rst:ets Jul 29 2019 12:21:46

rst:ets Jul 29 2019 12:21:46

rst:ets Jul 29 2019 12:21:46

rst:ets Jul 29 2019 12:21:46

rst:ets Jul 29 2019 12:21:46

rst:ets Jul 29 2019 12:21:46

rst:ets Jul 29 2019 12:21:46

rst:ets Jul 29 2019 12:21:46

rst:ets Jul 29 2019 12:21:46

rst:ets Jul 29 2019 12:21:46

rst:ets Jul 29 2019 12:21:46

rst:ets Jul 29 2019 12:21:46

rst:ets Jul 29 2019 12:21:46

rst:ets Jul 29 2019 12:21:46

rst:ets Jul 29 2019 12:21:46

rst:ets Jul 29 2019 12:21:46

rst:ets Jul 29 2019 12:21:46

rst:ets Jul 29 2019 12:21:46

rst:ets Jul 29 2019 12:21:46

rst:ets Jul 29 2019 12:21:46

rst:ets Jul 29 2019 12:21:46

rst:ets Jul 29 2019 12:21:46

rst:ets Jul 29 2019 12:21:46

rst:ets Jul 29 2019 12:21:46

rst:ets Jul 29 2019 12:21:46

rst:ets Jul 29 2019 12:21:46

rst:ets Jul 29 2019 12:21:46

rst:ets Jul 29 2019 12:21:46

rst:ets Jul 29 2019 12:21:46

rst:ets Jul 29 2019 12:21:46

rst:ets Jul 29 2019 12:21:46

rst:ets Jul 29 2019 12:21:46

rst:ets Jul 29 2019 12:21:46

rst:ets Jul 29 2019 12:21:46

rst:ets Jul 29 2019 12:21:46

rst:ets Jul 29 2019 12:21:46

rst:ets Jul 29 2019 12:21:46

rst:ets Jul 29 2019 12:21:46

rst:ets Jul 29 2019 12:21:46

rst:ets Jul 29 2019 12:21:46

rst:ets Jul 29 2019 12:21:46

rst:ets Jul 29 2019 12:21:46

rst:ets Jul 29 2019 12:21:46

rst:ets Jul 29 2019 12:21:46

rst:ets Jul 29 2019 12:21:46

rst:ets Jul 29 2019 12:21:46

rst:ets Jul 29 2019 12:21:46

rst:ets Jul 29 2019 12:21:46

rst:ets Jul 29 2019 12:21:46

rst:ets Jul 29 2019 12:21:46

rst:ets Jul 29 2019 12:21:46

rst:ets Jul 29 2019 12:21:46

rst:ets Jul 29 2019 12:21:46

rst:ets Jul 29 2019 12:21:46

rst:ets Jul 29 2019 12:21:46

rst:ets Jul 29 2019 12:21:46

rst:ets JPOWERON_RESET),boot:0x13 (SPI_FAST_FLASH_BOOT)
configsip: 0, SPIWP:0xee
clk_drv:0x00,q_drv:0x00,d_drv:0x00,cs0_drv:0x00,hd_drv:0x00,wp_drv:0x00
mode:DIO, clock div:2
load:0x3fff0030,len:7176
load:0x40078000,len:15564
ho 0 tail 12 room 4
load:0x40080400,len:4
load:0x40080404,len:3904
entry 0x40080640
[0;32mI (31) boot: ESP-IDF v5.3.1-dirty 2nd stage bootloader[0m
[0;32mI (31) boot: compile time Nov  6 2024 21:29:09[0m
[0;32mI (31) boot: Multicore bootloader[0m
[0;32mI (36) boot: chip revision: v3.1[0m
[0;32mI (40) boot.esp32: SPI Speed      : 40MHz[0m
[0;32mI (44) boot.esp32: SPI Mode       : DIO[0m
[0;32mI (49) boot.esp32: SPI Flash Size : 2MB[0m
[0;32mI (53) boot: Enabling RNG early entropy source...[0m
[0;32mI (59) boot: Partition Table:[0m
[0;32mI (62) boot: ## Label            Usage          Type ST Offset   Length[0m
[0;32mI (70) boot:  0 nvs              WiFi data        01 02 00009000 00006000[0m
[0;32mI (77) boot:  1 phy_init         RF data          01 01 0000f000 00001000[0m
[0;32mI (85) boot:  2 factory          factory app      00 00 00010000 00100000[0m
[0;32mI (92) boot: End of partition table[0m
[0;32mI (96) esp_image: segment 0: paddr=00010020 vaddr=3f400020 size=20014h (131092) map[0m
[0;32mI (150) esp_image: segment 1: paddr=0003003c vaddr=3ffbdb60 size=049e4h ( 18916) load[0m
[0;32mI (157) esp_image: segment 2: paddr=00034a28 vaddr=40080000 size=0b5f0h ( 46576) load[0m
[0;32mI (175) esp_image: segment 3: paddr=00040020 vaddr=400d0020 size=76df8h (486904) map[0m
[0;32mI (343) esp_image: segment 4: paddr=000b6e20 vaddr=4008b5f0 size=0b60ch ( 46604) load[0m
[0;32mI (373) boot: Loaded app from partition at offset 0x10000[0m
[0;32mI (373) boot: Disabling RNG early entropy source...[0m
[0;32mI (385) cpu_start: Multicore app[0m
[0;32mI (393) cpu_start: Pro cpu start user code[0m
[0;32mI (393) cpu_start: cpu freq: 160000000 Hz[0m
[0;32mI (393) app_init: Application information:[0m
[0;32mI (396) app_init: Project name:     PlantCare_Module[0m
[0;32mI (402) app_init: App version:      cad748a-dirty[0m
[0;32mI (407) app_init: Compile time:     Nov  7 2024 20:45:50[0m
[0;32mI (413) app_init: ELF file SHA256:  dea6de86f...[0m
[0;32mI (418) app_init: ESP-IDF:          v5.3.1-dirty[0m
[0;32mI (424) efuse_init: Min chip rev:     v0.0[0m
[0;32mI (429) efuse_init: Max chip rev:     v3.99 [0m
[0;32mI (433) efuse_init: Chip rev:         v3.1[0m
[0;32mI (439) heap_init: Initializing. RAM available for dynamic allocation:[0m
[0;32mI (446) heap_init: At 3FFAFF10 len 000000F0 (0 KiB): DRAM[0m
[0;32mI (452) heap_init: At 3FFB6388 len 00001C78 (7 KiB): DRAM[0m
[0;32mI (458) heap_init: At 3FFB9A20 len 00004108 (16 KiB): DRAM[0m
[0;32mI (464) heap_init: At 3FFC6FC8 len 00019038 (100 KiB): DRAM[0m
[0;32mI (470) heap_init: At 3FFE0440 len 00003AE0 (14 KiB): D/IRAM[0m
[0;32mI (476) heap_init: At 3FFE4350 len 0001BCB0 (111 KiB): D/IRAM[0m
[0;32mI (483) heap_init: At 40096BFC len 00009404 (37 KiB): IRAM[0m
[0;32mI (491) spi_flash: detected chip: generic[0m
[0;32mI (494) spi_flash: flash io: dio[0m
[0;33mW (498) spi_flash: Detected size(4096k) larger than the size in the binary image header(2048k). Using the size in the binary image header.[0m
[0;32mI (512) coexist: coex firmware version: 4482466[0m
[0;32mI (517) main_task: Started on CPU0[0m
[0;32mI (527) main_task: Calling app_main()[0m
[0;32mI (527) BTDM_INIT: BT controller compile version [b022216]