[0m
[0m
[0m
[0m
[0m
[0m
[0m
[0m
[0m
[0m
[0m
[0m
[0m
[0m
[0m
[0m
[0m
[0m
[0m
[0m
[0m
[0m
[0m
[0m
[0m
[0m
[0m
[0m
[0m
[0m
[0m
[0m
[0m
[0m
[0m
[0m
[0m
[0m
[0m
[0m
[0m
[0m
[0m
[0m
[0m
[0m
[0m
[0m
[0m
[0m
[0m
[0m
[0m
[0m
[0m
[0m
[0m
[0m
[0m
[0m
[0m
[0m
[0m
[0m
[0m
[0m
[0m
[0m
[0m
[0m
[0m
[0m
[0m
[0m
[0m
[0m
[0m
[0m
[0m
[0m
[0m
[0m
[0m
[0m
[0m
[0m
[0m
[0m
[0m
[0m
[0m
[0m
[0m
[0m
[0m
[0m
[0m
[0m
[0m
[0m
[0m
[0m
[0m
[0m
[0m
[0m
[0m
[0m
[0m
[0m
[0m
[0m
[0m
[0m
[0m
[0m
[0m
[0m
[0m
[0m
[0m
[0m
[0m
[0m
[0m
[0m
[0m
[0m
[0m
[0m
[0m
[0m
[0m
[0m
[0m
[0m
[0m
[0m
[0m
[0m
[0m
[0m
[0m
[0m
[0m
[0m
[0m
[0m
[0m
[0m
[0m
[0m
[0m
[0m
[0m
[0m
[0m
[0m
[0m
[0m
[0m
[0m
[0m
[0m
[0m
[0m
[0m
[0m
[0m
[0m
[0m
[0m
[0m
[0m
[0m
[0m
[0m
[0m
[0m
[0m
[0m
[0m
[0m
[0m
[0m
[0m
[0m
[0m
[0m
[0m
[0m
[0m
[0m
[0m
[0m
[0m
[0m
[0m
[0m
[0m
[0m
[0m
[0m
[0m
[0m
[0m
[0m
[0m
[0m
[0m
[0m
[0m
[0m
[0m
[0m
[0m
[0m
[0m
[0m
[0m
[0m
[0m
[0m
[0m
[0m
[0m
[0m
[0m
[0m
[0m
[0m
[0m
[0m
[0m
[0m
[0m
[0m
[0m
[0m
[0m
[0m
[0m
[0m
[0m
[0m
[0m
[0m
[0m
[0m
[0m
[0m
[0m
[0m
[0m
[0m
[0m
[0m
[0m
[0m
[0m
[0m
[0m
[0m
[0m
[0m
[0m
[0m
[0m
[0m
[0m
[0m
[0m
[0m
[0m
[0m
[0m
[0m
[0m
[0m
[0m
[0m
[0m
[0m
[0m
[0m
[0m
[0m
[0m
[0m
[0m
[0m
[0m
[0m
[0m
[0m
[0m
[0m
[0m
[0m
[0m
[0m
[0m
[0m
[0m
[0m
[0m
[0m
[0m
[0m
[0m
[0m
[0m
[0m
[0m
[0m
[0m
[0m
[0m
[0m
[0m
[0m
[0m
[0m
[0m
[0m
[0m
[0m
[0m
[0m
[0m
[0m
[0m
[0m
[0m
[0m
[0m
[0m
[0m
[0m
[0m
[0m
[0m
[0m
[0m
[0m
[0m
[0m
[0m
[0m
[0m
[0m
[0m
[0m
[0m
[0m
[0m
[0m
[0m
[0m
[0m
[0m
[0m
[0m
[0m
[0m
[0m
[0m
[0m
[0m
[0m
[0m
[0m
[0m
[0m
[0m
[0m
[0m
[0m
[0m
[0m
[0m
[0m
[0m
[0m
[0m
[0m
[0m
[0m
[0m
[0m
[0m
[0m
[0m
[0m
[0m
[0m
[0m
[0m
[0m
[0m
[0m
[0m
[0m
[0m
[0m
[0m
[0m
[0m
[0m
[0m
[0m
[0m
[0m
[0m
[0m
[0m
[0m
[0m
[0m
[0m
[0m
[0m
[0m
[0m
[0m
[0m
[0m
[0m
[0m
[0m
[0m
[0m
[0m
ets Jul 29 2019 12:21:46

rst:ets Jul 29 2019 12:21:46

rst:ets Jul 29 2019 12:21:46

rst:ets Jul 29 2019 12:21:46

rst:ets Jul 29 2019 12:21:46

rst:ets Jul 29 2019 12:21:46

rst:ets Jul 29 2019 12:21:46

rst:ets Jul 29 2019 12:21:46

rst:ets Jul 29 2019 12:21:46

rst:ets Jul 29 2019 12:21:46

rst:ets Jul 29 2019 12:21:46

rst:ets Jul 29 2019 12:21:46

rst:ets Jul 29 2019 12:21:46

rst:ets Jul 29 2019 12:21:46

rst:ets Jul 29 2019 12:21:46

rst:ets Jul 29 2019 12:21:46

rst:ets Jul 29 2019 12:21:46

rst:ets Jul 29 2019 12:21:46

rst:ets Jul 29 2019 12:21:46

rst:ets Jul 29 2019 12:21:46

rst:ets Jul 29 2019 12:21:46

rst:ets Jul 29 2019 12:21:46

rst:ets Jul 29 2019 12:21:46

rst:ets Jul 29 2019 12:21:46

rst:ets Jul 29 2019 12:21:46

rst:ets Jul 29 2019 12:21:46

rst:ets Jul 29 2019 12:21:46

rst:ets Jul 29 2019 12:21:46

rst:ets Jul 29 2019 12:21:46

rst:ets Jul 29 2019 12:21:46

rst:ets Jul 29 2019 12:21:46

rst:ets Jul 29 2019 12:21:46

rst:ets Jul 29 2019 12:21:46

rst:ets Jul 29 2019 12:21:46

rst:ets Jul 29 2019 12:21:46

rst:ets Jul 29 2019 12:21:46

rst:ets Jul 29 2019 12:21:46

rst:ets Jul 29 2019 12:21:46

rst:ets Jul 29 2019 12:21:46

rst:ets Jul 29 2019 12:21:46

rst:ets Jul 29 2019 12:21:46

rst:ets Jul 29 2019 12:21:46

rst:ets Jul 29 2019 12:21:46

rst:ets Jul 29 2019 12:21:46

rst:ets Jul 29 2019 12:21:46

rst:ets Jul 29 2019 12:21:46

rst:ets Jul 29 2019 12:21:46

rst:ets Jul 29 2019 12:21:46

rst:ets Jul 29 2019 12:21:46

rst:ets Jul 29 2019 12:21:46

rst:ets Jul 29 2019 12:21:46

rst:ets Jul 29 2019 12:21:46

rst:ets Jul 29 2019 12:21:46

rst:ets Jul 29 2019 12:21:46

rst:ets Jul 29 2019 12:21:46

rst:ets Jul 29 2019 12:21:46

rst:ets Jul 29 2019 12:21:46

rst:ets Jul 29 2019 12:21:46

rst:ets Jul 29 2019 12:21:46

rst:ets Jul 29 2019 12:21:46

rst:ets Jul 29 2019 12:21:46

rst:ets Jul 29 2019 12:21:46

rst:ets Jul 29 2019 12:21:46

rst:ets Jul 29 2019 12:21:46

rst:ets Jul 29 2019 12:21:46

rst:ets Jul 29 2019 12:21:46

rst:ets Jul 29 2019 12:21:46

rst:ets Jul 29 2019 12:21:46

rst:ets Jul 29 2019 12:21:46

rst:ets Jul 29 2019 12:21:46

rst:ets Jul 29 2019 12:21:46

rst:ets Jul 29 2019 12:21:46

rst:ets Jul 29 2019 12:21:46

rst:ets Jul 29 2019 12:21:46

rst:ets Jul 29 2019 12:21:46

rst:ets Jul 29 2019 ET),boot:0x13 (SPI_FAST_FLASH_BOOT)
configsip: 0, SPIWP:0xee
clk_drv:0x00,q_drv:0x00,d_drv:0x00,cs0_drv:0x00,hd_drv:0x00,wp_drv:0x00
mode:DIO, clock div:2
load:0x3fff0030,len:7176
load:0x40078000,len:15564
ho 0 tail 12 room 4
load:0x40080400,len:4
load:0x40080404,len:3904
entry 0x40080640
[0;32mI (31) boot: ESP-IDF v5.3.1-dirty 2nd stage bootloader[0m
[0;32mI (31) boot: compile time Nov 16 2024 15:09:17[0m
[0;32mI (31) boot: Multicore bootloader[0m
[0;32mI (36) boot: chip revision: v3.1[0m
[0;32mI (40) boot.esp32: SPI Speed      : 40MHz[0m
[0;32mI (44) boot.esp32: SPI Mode       : DIO[0m
[0;32mI (49) boot.esp32: SPI Flash Size : 2MB[0m
[0;32mI (53) boot: Enabling RNG early entropy source...[0m
[0;32mI (59) boot: Partition Table:[0m
[0;32mI (62) boot: ## Label            Usage          Type ST Offset   Length[0m
[0;32mI (70) boot:  0 nvs              WiFi data        01 02 00009000 00006000[0m
[0;32mI (77) boot:  1 phy_init         RF data          01 01 0000f000 00001000[0m
[0;32mI (85) boot:  2 factory          factory app      00 00 00010000 00100000[0m
[0;32mI (92) boot: End of partition table[0m
[0;32mI (96) esp_image: segment 0: paddr=00010020 vaddr=3f400020 size=292c4h (168644) map[0m
[0;32mI (163) esp_image: segment 1: paddr=000392ec vaddr=3ffbdb60 size=04b04h ( 19204) load[0m
[0;32mI (170) esp_image: segment 2: paddr=0003ddf8 vaddr=40080000 size=02220h (  8736) load[0m
[0;32mI (174) esp_image: segment 3: paddr=00040020 vaddr=400d0020 size=96b14h (617236) map[0m
[0;32mI (388) esp_image: segment 4: paddr=000d6b3c vaddr=40082220 size=16590h ( 91536) load[0m
[0;32mI (437) boot: Loaded app from partition at offset 0x10000[0m
[0;32mI (437) boot: Disabling RNG early entropy source...[0m
[0;32mI (449) cpu_start: Multicore app[0m
[0;32mI (457) cpu_start: Pro cpu start user code[0m
[0;32mI (457) cpu_start: cpu freq: 160000000 Hz[0m
[0;32mI (457) app_init: Application information:[0m
[0;32mI (460) app_init: Project name:     PlantCare_Module[0m
[0;32mI (466) app_init: App version:      386de5c-dirty[0m
[0;32mI (471) app_init: Compile time:     Nov 23 2024 17:25:03[0m
[0;32mI (477) app_init: ELF file SHA256:  b8fa2904b...[0m
[0;32mI (483) app_init: ESP-IDF:          v5.3.1-dirty[0m
[0;32mI (488) efuse_init: Min chip rev:     v0.0[0m
[0;32mI (493) efuse_init: Max chip rev:     v3.99 [0m
[0;32mI (498) efuse_init: Chip rev:         v3.1[0m
[0;32mI (503) heap_init: Initializing. RAM available for dynamic allocation:[0m
[0;32mI (510) heap_init: At 3FFAFF10 len 000000F0 (0 KiB): DRAM[0m
[0;32mI (516) heap_init: At 3FFB6388 len 00001C78 (7 KiB): DRAM[0m
[0;32mI (522) heap_init: At 3FFB9A20 len 00004108 (16 KiB): DRAM[0m
[0;32mI (528) heap_init: At 3FFCA428 len 00015BD8 (86 KiB): DRAM[0m
[0;32mI (534) heap_init: At 3FFE0440 len 00003AE0 (14 KiB): D/IRAM[0m
[0;32mI (540) heap_init: At 3FFE4350 len 0001BCB0 (111 KiB): D/IRAM[0m
[0;32mI (547) heap_init: At 400987B0 len 00007850 (30 KiB): IRAM[0m
[0;32mI (555) spi_flash: detected chip: generic[0m
[0;32mI (558) spi_flash: flash io: dio[0m
[0;33mW (562) spi_flash: Detected size(4096k) larger than the size in the binary image header(2048k). Using the size in the binary image header.[0m
[0;32mI (576) coexist: coex firmware version: 4482466[0m
[0;32mI (581) main_task: Started on CPU0[0m
[0;32mI (591) main_task: Calling app_main()[0m
[0;32mI (601) BTDM_INIT: BT controller compile version [b022216][0m
[0;32mI (601) BTDM_INIT: Bluetooth MAC: f0:24:f9:44:30:aa[0m
[0;32mI (601) phy_init: phy_version 4830,54550f7,Jun 20 2024,14:22:08[0m
status=2
SPP initialized
[0;32mI (1061) main_task: Returned from app_main()[0m
[0;33mW (21331) BT_HCI: hcif conn complete: hdl 0x80, st 0x0[0m
Unhandled GAP event: 16
Confirm PIN: 810136
Authentication successful
Unhandled GAP event: 21
[0;33mW (27961) BT_HCI: hcif disc complete: hdl 0x80, rsn 0x13[0m
Unhandled GAP event: 17
